2026-09-04 14:58:45,326 - INFO - Script starting
2026-09-04 14:58:45,327 - INFO - Searching for devices
2026-09-04 14:58:45,348 - INFO - Connected to spectrometer HR4000 with serial number HR4D1660
2026-09-04 14:58:45,351 - INFO - Integration time set up 10000 microseconds.
2026-09-04 14:58:45,351 - INFO - Acquiring 20 scans.
2026-09-04 14:58:45,358 - INFO - 0/20
2026-09-04 14:58:45,368 - INFO - 1/20
2026-09-04 14:58:45,378 - INFO - 2/20
2026-09-04 14:58:45,388 - INFO - 3/20
2026-09-04 14:58:45,398 - INFO - 4/20
2026-09-04 14:58:45,408 - INFO - 5/20
2026-09-04 14:58:45,418 - INFO - 6/20
2026-09-04 14:58:45,428 - INFO - 7/20
2026-09-04 14:58:45,438 - INFO - 8/20
2026-09-04 14:58:45,448 - INFO - 9/20
2026-09-04 14:58:45,458 - INFO - 10/20
2026-09-04 14:58:45,468 - INFO - 11/20
2026-09-04 14:58:45,478 - INFO - 12/20
2026-09-04 14:58:45,488 - INFO - 13/20
2026-09-04 14:58:45,498 - INFO - 14/20
2026-09-04 14:58:45,508 - INFO - 15/20
2026-09-04 14:58:45,518 - INFO - 16/20
2026-09-04 14:58:45,528 - INFO - 17/20
2026-09-04 14:58:45,538 - INFO - 18/20
2026-09-04 14:58:45,548 - INFO - 19/20
2026-09-04 14:58:45,567 - INFO - Measurements saved to data/wavelengths/WaveLengths_20260904_145845_HR4D1660.csv
2026-09-04 14:59:05,449 - INFO - Script starting
2026-09-04 14:59:05,449 - INFO - Searching for devices
2026-09-04 14:59:05,470 - INFO - Connected to spectrometer HR4000 with serial number HR4D1660
2026-09-04 14:59:05,474 - INFO - Integration time set up 10000 microseconds.
2026-09-04 14:59:05,474 - INFO - Acquiring 20 scans.
2026-09-04 14:59:05,487 - INFO - 0/20
2026-09-04 14:59:05,497 - INFO - 1/20
2026-09-04 14:59:05,507 - INFO - 2/20
2026-09-04 14:59:05,517 - INFO - 3/20
2026-09-04 14:59:05,527 - INFO - 4/20
2026-09-04 14:59:05,537 - INFO - 5/20
2026-09-04 14:59:05,547 - INFO - 6/20
2026-09-04 14:59:05,557 - INFO - 7/20
2026-09-04 14:59:05,567 - INFO - 8/20
2026-09-04 14:59:05,577 - INFO - 9/20
2026-09-04 14:59:05,587 - INFO - 10/20
2026-09-04 14:59:05,597 - INFO - 11/20
2026-09-04 14:59:05,607 - INFO - 12/20
2026-09-04 14:59:05,617 - INFO - 13/20
2026-09-04 14:59:05,627 - INFO - 14/20
2026-09-04 14:59:05,637 - INFO - 15/20
2026-09-04 14:59:05,647 - INFO - 16/20
2026-09-04 14:59:05,657 - INFO - 17/20
2026-09-04 14:59:05,667 - INFO - 18/20
2026-09-04 14:59:05,677 - INFO - 19/20
2026-09-04 14:59:07,196 - INFO - Graph saved to data/ReadingPlots/Plot_HR4D1660_20260904_145905.png
2026-09-04 14:59:07,478 - INFO - Measurements saved to data/spectra/20260904_145905_HR4D1660.csv
2026-09-04 15:16:11,719 - INFO - Script starting
2026-09-04 15:16:11,719 - INFO - Searching for devices
2026-09-04 15:16:11,798 - INFO - Connected to spectrometer QE65000 with serial number QEPB0542
2026-09-04 15:16:11,830 - INFO - Integration time set up 10000 microseconds.
2026-09-04 15:16:11,830 - INFO - Acquiring 20 scans.
2026-09-04 15:16:11,852 - INFO - 0/20
2026-09-04 15:16:11,862 - INFO - 1/20
2026-09-04 15:16:11,872 - INFO - 2/20
2026-09-04 15:16:11,882 - INFO - 3/20
2026-09-04 15:16:11,892 - INFO - 4/20
2026-09-04 15:16:11,902 - INFO - 5/20
2026-09-04 15:16:11,912 - INFO - 6/20
2026-09-04 15:16:11,922 - INFO - 7/20
2026-09-04 15:16:11,932 - INFO - 8/20
2026-09-04 15:16:11,942 - INFO - 9/20
2026-09-04 15:16:11,952 - INFO - 10/20
2026-09-04 15:16:11,962 - INFO - 11/20
2026-09-04 15:16:11,972 - INFO - 12/20
2026-09-04 15:16:11,982 - INFO - 13/20
2026-09-04 15:16:11,992 - INFO - 14/20
2026-09-04 15:16:12,002 - INFO - 15/20
2026-09-04 15:16:12,012 - INFO - 16/20
2026-09-04 15:16:12,022 - INFO - 17/20
2026-09-04 15:16:12,032 - INFO - 18/20
2026-09-04 15:16:12,042 - INFO - 19/20
2026-09-04 15:16:12,364 - INFO - Graph saved to data/ReadingPlots/Plot_QEPB0542_20260904_151612.png
2026-09-04 15:16:12,585 - INFO - Measurements saved to data/spectra/20260904_151612_QEPB0542.csv
2026-09-04 15:17:34,437 - INFO - Script starting
2026-09-04 15:17:34,437 - INFO - Searching for devices
2026-09-04 15:17:34,514 - INFO - Connected to spectrometer QE65000 with serial number QEPB0542
2026-09-04 15:17:34,546 - INFO - Integration time set up 10000 microseconds.
2026-09-04 15:17:34,546 - INFO - Acquiring 20 scans.
2026-09-04 15:17:34,568 - INFO - 0/20
2026-09-04 15:17:34,578 - INFO - 1/20
2026-09-04 15:17:34,588 - INFO - 2/20
2026-09-04 15:17:34,598 - INFO - 3/20
2026-09-04 15:17:34,608 - INFO - 4/20
2026-09-04 15:17:34,618 - INFO - 5/20
2026-09-04 15:17:34,628 - INFO - 6/20
2026-09-04 15:17:34,638 - INFO - 7/20
2026-09-04 15:17:34,648 - INFO - 8/20
2026-09-04 15:17:34,658 - INFO - 9/20
2026-09-04 15:17:34,668 - INFO - 10/20
2026-09-04 15:17:34,678 - INFO - 11/20
2026-09-04 15:17:34,688 - INFO - 12/20
2026-09-04 15:17:34,698 - INFO - 13/20
2026-09-04 15:17:34,708 - INFO - 14/20
2026-09-04 15:17:34,718 - INFO - 15/20
2026-09-04 15:17:34,728 - INFO - 16/20
2026-09-04 15:17:34,738 - INFO - 17/20
2026-09-04 15:17:34,748 - INFO - 18/20
2026-09-04 15:17:34,758 - INFO - 19/20
2026-09-04 15:17:35,043 - INFO - Error with measuring. - module 'matplotlib.pyplot' has no attribute 'open'
2026-09-04 15:18:12,670 - INFO - Script starting
2026-09-04 15:18:12,670 - INFO - Searching for devices
2026-09-04 15:18:12,746 - INFO - Connected to spectrometer QE65000 with serial number QEPB0542
2026-09-04 15:18:12,778 - INFO - Integration time set up 10000 microseconds.
2026-09-04 15:18:12,778 - INFO - Acquiring 20 scans.
2026-09-04 15:18:12,800 - INFO - 0/20
2026-09-04 15:18:12,810 - INFO - 1/20
2026-09-04 15:18:12,820 - INFO - 2/20
2026-09-04 15:18:12,830 - INFO - 3/20
2026-09-04 15:18:12,840 - INFO - 4/20
2026-09-04 15:18:12,850 - INFO - 5/20
2026-09-04 15:18:12,860 - INFO - 6/20
2026-09-04 15:18:12,870 - INFO - 7/20
2026-09-04 15:18:12,880 - INFO - 8/20
2026-09-04 15:18:12,890 - INFO - 9/20
2026-09-04 15:18:12,900 - INFO - 10/20
2026-09-04 15:18:12,910 - INFO - 11/20
2026-09-04 15:18:12,920 - INFO - 12/20
2026-09-04 15:18:12,930 - INFO - 13/20
2026-09-04 15:18:12,940 - INFO - 14/20
2026-09-04 15:18:12,950 - INFO - 15/20
2026-09-04 15:18:12,960 - INFO - 16/20
2026-09-04 15:18:12,970 - INFO - 17/20
2026-09-04 15:18:12,980 - INFO - 18/20
2026-09-04 15:18:12,990 - INFO - 19/20
2026-09-04 15:30:01,120 - INFO - Script starting
2026-09-04 15:30:01,121 - INFO - Searching for devices
2026-09-04 15:30:01,200 - INFO - Connected to spectrometer QE65000 with serial number QEPB0542
2026-09-04 15:30:01,234 - INFO - Integration time set up 10000 microseconds.
2026-09-04 15:30:01,234 - INFO - Acquiring 20 scans.
2026-09-04 15:30:01,256 - INFO - 0/20
2026-09-04 15:30:01,266 - INFO - 1/20
2026-09-04 15:30:01,276 - INFO - 2/20
2026-09-04 15:30:01,287 - INFO - 3/20
2026-09-04 15:30:01,297 - INFO - 4/20
2026-09-04 15:30:01,306 - INFO - 5/20
2026-09-04 15:30:01,316 - INFO - 6/20
2026-09-04 15:30:01,326 - INFO - 7/20
2026-09-04 15:30:01,336 - INFO - 8/20
2026-09-04 15:30:01,346 - INFO - 9/20
2026-09-04 15:30:01,356 - INFO - 10/20
2026-09-04 15:30:01,366 - INFO - 11/20
2026-09-04 15:30:01,376 - INFO - 12/20
2026-09-04 15:30:01,386 - INFO - 13/20
2026-09-04 15:30:01,396 - INFO - 14/20
2026-09-04 15:30:01,406 - INFO - 15/20
2026-09-04 15:30:01,416 - INFO - 16/20
2026-09-04 15:30:01,426 - INFO - 17/20
2026-09-04 15:30:01,436 - INFO - 18/20
2026-09-04 15:30:01,447 - INFO - 19/20
2026-09-04 15:30:01,447 - INFO - Error with measuring. - 'float' object is not callable
2026-09-04 15:30:20,093 - INFO - Script starting
2026-09-04 15:30:20,093 - INFO - Searching for devices
2026-09-04 15:30:20,175 - INFO - Connected to spectrometer QE65000 with serial number QEPB0542
2026-09-04 15:30:20,206 - INFO - Integration time set up 10000 microseconds.
2026-09-04 15:30:20,207 - INFO - Acquiring 20 scans.
2026-09-04 15:30:20,229 - INFO - 0/20
2026-09-04 15:30:20,239 - INFO - 1/20
2026-09-04 15:30:20,249 - INFO - 2/20
2026-09-04 15:30:20,259 - INFO - 3/20
2026-09-04 15:30:20,269 - INFO - 4/20
2026-09-04 15:30:20,279 - INFO - 5/20
2026-09-04 15:30:20,289 - INFO - 6/20
2026-09-04 15:30:20,299 - INFO - 7/20
2026-09-04 15:30:20,309 - INFO - 8/20
2026-09-04 15:30:20,319 - INFO - 9/20
2026-09-04 15:30:20,329 - INFO - 10/20
2026-09-04 15:30:20,339 - INFO - 11/20
2026-09-04 15:30:20,349 - INFO - 12/20
2026-09-04 15:30:20,359 - INFO - 13/20
2026-09-04 15:30:20,369 - INFO - 14/20
2026-09-04 15:30:20,379 - INFO - 15/20
2026-09-04 15:30:20,389 - INFO - 16/20
2026-09-04 15:30:20,399 - INFO - 17/20
2026-09-04 15:30:20,409 - INFO - 18/20
2026-09-04 15:30:20,419 - INFO - 19/20
2026-09-04 15:30:41,194 - INFO - Graph saved to data/ReadingPlots/Plot_QEPB0542_20260904_153020.png
2026-09-04 15:30:41,406 - INFO - Measurements saved to data/spectra/20260904_153020_QEPB0542_777.csv
2026-09-04 15:30:48,693 - INFO - Script starting
2026-09-04 15:30:48,694 - INFO - Searching for devices
2026-09-04 15:30:48,773 - INFO - Connected to spectrometer QE65000 with serial number QEPB0542
2026-09-04 15:30:48,805 - INFO - Integration time set up 10000 microseconds.
2026-09-04 15:30:48,805 - INFO - Acquiring 20 scans.
2026-09-04 15:30:48,827 - INFO - 0/20
2026-09-04 15:30:48,837 - INFO - 1/20
2026-09-04 15:30:48,847 - INFO - 2/20
2026-09-04 15:30:48,857 - INFO - 3/20
2026-09-04 15:30:48,867 - INFO - 4/20
2026-09-04 15:30:48,877 - INFO - 5/20
2026-09-04 15:30:48,887 - INFO - 6/20
2026-09-04 15:30:48,897 - INFO - 7/20
2026-09-04 15:30:48,907 - INFO - 8/20
2026-09-04 15:30:48,917 - INFO - 9/20
2026-09-04 15:30:48,927 - INFO - 10/20
2026-09-04 15:30:48,937 - INFO - 11/20
2026-09-04 15:30:48,947 - INFO - 12/20
2026-09-04 15:30:48,957 - INFO - 13/20
2026-09-04 15:30:48,967 - INFO - 14/20
2026-09-04 15:30:48,977 - INFO - 15/20
2026-09-04 15:30:48,987 - INFO - 16/20
2026-09-04 15:30:48,997 - INFO - 17/20
2026-09-04 15:30:49,007 - INFO - 18/20
2026-09-04 15:30:49,017 - INFO - 19/20
2026-09-04 15:31:05,412 - INFO - Graph saved to data/ReadingPlots/Plot_QEPB0542_20260904_153049.png
2026-09-04 15:31:05,642 - INFO - Measurements saved to data/spectra/20260904_153049_QEPB0542_777.csv
2026-09-04 15:31:09,844 - INFO - Script starting
2026-09-04 15:31:09,844 - INFO - Searching for devices
2026-09-04 15:31:09,922 - INFO - Connected to spectrometer QE65000 with serial number QEPB0542
2026-09-04 15:31:09,955 - INFO - Integration time set up 10000 microseconds.
2026-09-04 15:31:09,955 - INFO - Acquiring 20 scans.
2026-09-04 15:31:09,977 - INFO - 0/20
2026-09-04 15:31:09,987 - INFO - 1/20
2026-09-04 15:31:09,997 - INFO - 2/20
2026-09-04 15:31:10,007 - INFO - 3/20
2026-09-04 15:31:10,017 - INFO - 4/20
2026-09-04 15:31:10,027 - INFO - 5/20
2026-09-04 15:31:10,037 - INFO - 6/20
2026-09-04 15:31:10,047 - INFO - 7/20
2026-09-04 15:31:10,057 - INFO - 8/20
2026-09-04 15:31:10,067 - INFO - 9/20
2026-09-04 15:31:10,077 - INFO - 10/20
2026-09-04 15:31:10,087 - INFO - 11/20
2026-09-04 15:31:10,097 - INFO - 12/20
2026-09-04 15:31:10,107 - INFO - 13/20
2026-09-04 15:31:10,117 - INFO - 14/20
2026-09-04 15:31:10,127 - INFO - 15/20
2026-09-04 15:31:10,137 - INFO - 16/20
2026-09-04 15:31:10,147 - INFO - 17/20
2026-09-04 15:31:10,158 - INFO - 18/20
2026-09-04 15:31:10,169 - INFO - 19/20
2026-09-04 15:31:42,727 - INFO - Graph saved to data/ReadingPlots/Plot_QEPB0542_20260904_153110.png
2026-09-04 15:31:42,980 - INFO - Measurements saved to data/spectra/20260904_153110_QEPB0542_777.csv
2026-09-04 15:31:57,191 - INFO - Script starting
2026-09-04 15:31:57,191 - INFO - Searching for devices
2026-09-04 15:31:57,267 - INFO - Connected to spectrometer QE65000 with serial number QEPB0542
2026-09-04 15:31:57,299 - INFO - Integration time set up 10000 microseconds.
2026-09-04 15:31:57,299 - INFO - Acquiring 20 scans.
2026-09-04 15:31:57,321 - INFO - 0/20
2026-09-04 15:31:57,331 - INFO - 1/20
2026-09-04 15:31:57,341 - INFO - 2/20
2026-09-04 15:31:57,351 - INFO - 3/20
2026-09-04 15:31:57,361 - INFO - 4/20
2026-09-04 15:31:57,371 - INFO - 5/20
2026-09-04 15:31:57,381 - INFO - 6/20
2026-09-04 15:31:57,391 - INFO - 7/20
2026-09-04 15:31:57,401 - INFO - 8/20
2026-09-04 15:31:57,411 - INFO - 9/20
2026-09-04 15:31:57,421 - INFO - 10/20
2026-09-04 15:31:57,431 - INFO - 11/20
2026-09-04 15:31:57,441 - INFO - 12/20
2026-09-04 15:31:57,451 - INFO - 13/20
2026-09-04 15:31:57,461 - INFO - 14/20
2026-09-04 15:31:57,471 - INFO - 15/20
2026-09-04 15:31:57,481 - INFO - 16/20
2026-09-04 15:31:57,491 - INFO - 17/20
2026-09-04 15:31:57,501 - INFO - 18/20
2026-09-04 15:31:57,511 - INFO - 19/20
2026-09-04 15:32:02,377 - INFO - Graph saved to data/ReadingPlots/Plot_QEPB0542_20260904_153157.png
2026-09-04 15:32:02,612 - INFO - Measurements saved to data/spectra/20260904_153157_QEPB0542_778.csv
2026-09-04 15:32:07,690 - INFO - Script starting
2026-09-04 15:32:07,691 - INFO - Searching for devices
2026-09-04 15:32:07,767 - INFO - Connected to spectrometer QE65000 with serial number QEPB0542
2026-09-04 15:32:07,799 - INFO - Integration time set up 10000 microseconds.
2026-09-04 15:32:07,799 - INFO - Acquiring 20 scans.
2026-09-04 15:32:07,821 - INFO - 0/20
2026-09-04 15:32:07,831 - INFO - 1/20
2026-09-04 15:32:07,841 - INFO - 2/20
2026-09-04 15:32:07,851 - INFO - 3/20
2026-09-04 15:32:07,861 - INFO - 4/20
2026-09-04 15:32:07,871 - INFO - 5/20
2026-09-04 15:32:07,881 - INFO - 6/20
2026-09-04 15:32:07,891 - INFO - 7/20
2026-09-04 15:32:07,901 - INFO - 8/20
2026-09-04 15:32:07,911 - INFO - 9/20
2026-09-04 15:32:07,921 - INFO - 10/20
2026-09-04 15:32:07,931 - INFO - 11/20
2026-09-04 15:32:07,941 - INFO - 12/20
2026-09-04 15:32:07,951 - INFO - 13/20
2026-09-04 15:32:07,961 - INFO - 14/20
2026-09-04 15:32:07,971 - INFO - 15/20
2026-09-04 15:32:07,981 - INFO - 16/20
2026-09-04 15:32:07,991 - INFO - 17/20
2026-09-04 15:32:08,001 - INFO - 18/20
2026-09-04 15:32:08,011 - INFO - 19/20
2026-09-04 15:32:14,370 - INFO - Graph saved to data/ReadingPlots/Plot_QEPB0542_20260904_153208.png
2026-09-04 15:32:14,598 - INFO - Measurements saved to data/spectra/20260904_153208_QEPB0542_779.csv
2026-09-04 15:32:21,917 - INFO - Script starting
2026-09-04 15:32:21,917 - INFO - Searching for devices
2026-09-04 15:32:21,994 - INFO - Connected to spectrometer QE65000 with serial number QEPB0542
2026-09-04 15:32:22,025 - INFO - Integration time set up 10000 microseconds.
2026-09-04 15:32:22,025 - INFO - Acquiring 20 scans.
2026-09-04 15:32:22,046 - INFO - 0/20
2026-09-04 15:32:22,056 - INFO - 1/20
2026-09-04 15:32:22,066 - INFO - 2/20
2026-09-04 15:32:22,076 - INFO - 3/20
2026-09-04 15:32:22,086 - INFO - 4/20
2026-09-04 15:32:22,096 - INFO - 5/20
2026-09-04 15:32:22,107 - INFO - 6/20
2026-09-04 15:32:22,116 - INFO - 7/20
2026-09-04 15:32:22,127 - INFO - 8/20
2026-09-04 15:32:22,136 - INFO - 9/20
2026-09-04 15:32:22,146 - INFO - 10/20
2026-09-04 15:32:22,156 - INFO - 11/20
2026-09-04 15:32:22,166 - INFO - 12/20
2026-09-04 15:32:22,176 - INFO - 13/20
2026-09-04 15:32:22,186 - INFO - 14/20
2026-09-04 15:32:22,196 - INFO - 15/20
2026-09-04 15:32:22,206 - INFO - 16/20
2026-09-04 15:32:22,216 - INFO - 17/20
2026-09-04 15:32:22,226 - INFO - 18/20
2026-09-04 15:32:22,236 - INFO - 19/20
2026-09-04 15:32:26,817 - INFO - Graph saved to data/ReadingPlots/Plot_QEPB0542_20260904_153222.png
2026-09-04 15:32:27,059 - INFO - Measurements saved to data/spectra/20260904_153222_QEPB0542_780.csv
2026-09-04 15:32:31,574 - INFO - Script starting
2026-09-04 15:32:31,574 - INFO - Searching for devices
2026-09-04 15:32:31,650 - INFO - Connected to spectrometer QE65000 with serial number QEPB0542
2026-09-04 15:32:31,681 - INFO - Integration time set up 10000 microseconds.
2026-09-04 15:32:31,681 - INFO - Acquiring 20 scans.
2026-09-04 15:32:31,703 - INFO - 0/20
2026-09-04 15:32:31,713 - INFO - 1/20
2026-09-04 15:32:31,723 - INFO - 2/20
2026-09-04 15:32:31,733 - INFO - 3/20
2026-09-04 15:32:31,743 - INFO - 4/20
2026-09-04 15:32:31,753 - INFO - 5/20
2026-09-04 15:32:31,763 - INFO - 6/20
2026-09-04 15:32:31,773 - INFO - 7/20
2026-09-04 15:32:31,783 - INFO - 8/20
2026-09-04 15:32:31,793 - INFO - 9/20
2026-09-04 15:32:31,803 - INFO - 10/20
2026-09-04 15:32:31,813 - INFO - 11/20
2026-09-04 15:32:31,823 - INFO - 12/20
2026-09-04 15:32:31,833 - INFO - 13/20
2026-09-04 15:32:31,843 - INFO - 14/20
2026-09-04 15:32:31,853 - INFO - 15/20
2026-09-04 15:32:31,863 - INFO - 16/20
2026-09-04 15:32:31,873 - INFO - 17/20
2026-09-04 15:32:31,883 - INFO - 18/20
2026-09-04 15:32:31,893 - INFO - 19/20
2026-09-04 15:32:35,860 - INFO - Graph saved to data/ReadingPlots/Plot_QEPB0542_20260904_153231.png
2026-09-04 15:32:36,138 - INFO - Measurements saved to data/spectra/20260904_153231_QEPB0542_781.csv
2026-09-04 15:32:54,619 - INFO - Script starting
2026-09-04 15:32:54,619 - INFO - Searching for devices
2026-09-04 15:32:54,697 - INFO - Connected to spectrometer QE65000 with serial number QEPB0542
2026-09-04 15:32:54,729 - INFO - Integration time set up 10000 microseconds.
2026-09-04 15:32:54,729 - INFO - Acquiring 20 scans.
2026-09-04 15:32:54,751 - INFO - 0/20
2026-09-04 15:32:54,761 - INFO - 1/20
2026-09-04 15:32:54,771 - INFO - 2/20
2026-09-04 15:32:54,781 - INFO - 3/20
2026-09-04 15:32:54,791 - INFO - 4/20
2026-09-04 15:32:54,801 - INFO - 5/20
2026-09-04 15:32:54,811 - INFO - 6/20
2026-09-04 15:32:54,821 - INFO - 7/20
2026-09-04 15:32:54,831 - INFO - 8/20
2026-09-04 15:32:54,841 - INFO - 9/20
2026-09-04 15:32:54,851 - INFO - 10/20
2026-09-04 15:32:54,861 - INFO - 11/20
2026-09-04 15:32:54,871 - INFO - 12/20
2026-09-04 15:32:54,881 - INFO - 13/20
2026-09-04 15:32:54,891 - INFO - 14/20
2026-09-04 15:32:54,901 - INFO - 15/20
2026-09-04 15:32:54,911 - INFO - 16/20
2026-09-04 15:32:54,921 - INFO - 17/20
2026-09-04 15:32:54,931 - INFO - 18/20
2026-09-04 15:32:54,941 - INFO - 19/20
2026-09-04 15:32:58,701 - INFO - Graph saved to data/ReadingPlots/Plot_QEPB0542_20260904_153254.png
2026-09-04 15:32:58,940 - INFO - Measurements saved to data/spectra/20260904_153254_QEPB0542_782.csv
2026-09-04 15:33:14,930 - INFO - Script starting
2026-09-04 15:33:14,931 - INFO - Searching for devices
2026-09-04 15:33:15,007 - INFO - Connected to spectrometer QE65000 with serial number QEPB0542
2026-09-04 15:33:15,039 - INFO - Integration time set up 10000 microseconds.
2026-09-04 15:33:15,039 - INFO - Acquiring 20 scans.
2026-09-04 15:33:15,061 - INFO - 0/20
2026-09-04 15:33:15,071 - INFO - 1/20
2026-09-04 15:33:15,081 - INFO - 2/20
2026-09-04 15:33:15,091 - INFO - 3/20
2026-09-04 15:33:15,101 - INFO - 4/20
2026-09-04 15:33:15,111 - INFO - 5/20
2026-09-04 15:33:15,121 - INFO - 6/20
2026-09-04 15:33:15,132 - INFO - 7/20
2026-09-04 15:33:15,141 - INFO - 8/20
2026-09-04 15:33:15,151 - INFO - 9/20
2026-09-04 15:33:15,161 - INFO - 10/20
2026-09-04 15:33:15,171 - INFO - 11/20
2026-09-04 15:33:15,181 - INFO - 12/20
2026-09-04 15:33:15,191 - INFO - 13/20
2026-09-04 15:33:15,201 - INFO - 14/20
2026-09-04 15:33:15,211 - INFO - 15/20
2026-09-04 15:33:15,221 - INFO - 16/20
2026-09-04 15:33:15,231 - INFO - 17/20
2026-09-04 15:33:15,241 - INFO - 18/20
2026-09-04 15:33:15,251 - INFO - 19/20
2026-09-04 15:33:22,222 - INFO - Script starting
2026-09-04 15:33:22,222 - INFO - Searching for devices
2026-09-04 15:33:22,299 - INFO - Connected to spectrometer QE65000 with serial number QEPB0542
2026-09-04 15:33:22,331 - INFO - Integration time set up 10000 microseconds.
2026-09-04 15:33:22,331 - INFO - Acquiring 20 scans.
2026-09-04 15:33:22,353 - INFO - 0/20
2026-09-04 15:33:22,363 - INFO - 1/20
2026-09-04 15:33:22,373 - INFO - 2/20
2026-09-04 15:33:22,383 - INFO - 3/20
2026-09-04 15:33:22,393 - INFO - 4/20
2026-09-04 15:33:22,403 - INFO - 5/20
2026-09-04 15:33:22,413 - INFO - 6/20
2026-09-04 15:33:22,423 - INFO - 7/20
2026-09-04 15:33:22,433 - INFO - 8/20
2026-09-04 15:33:22,443 - INFO - 9/20
2026-09-04 15:33:22,453 - INFO - 10/20
2026-09-04 15:33:22,463 - INFO - 11/20
2026-09-04 15:33:22,473 - INFO - 12/20
2026-09-04 15:33:22,483 - INFO - 13/20
2026-09-04 15:33:22,493 - INFO - 14/20
2026-09-04 15:33:22,503 - INFO - 15/20
2026-09-04 15:33:22,513 - INFO - 16/20
2026-09-04 15:33:22,523 - INFO - 17/20
2026-09-04 15:33:22,533 - INFO - 18/20
2026-09-04 15:33:22,543 - INFO - 19/20
2026-09-04 15:33:26,105 - INFO - Graph saved to data/ReadingPlots/Plot_QEPB0542_20260904_153322.png
2026-09-04 15:33:26,368 - INFO - Measurements saved to data/spectra/20260904_153322_QEPB0542_783.csv
2026-09-04 15:33:26,400 - INFO - Integration time set up 10000 microseconds.
2026-09-04 15:33:26,401 - INFO - Acquiring 20 scans.
2026-09-04 15:33:26,423 - INFO - 0/20
2026-09-04 15:33:26,432 - INFO - 1/20
2026-09-04 15:33:26,443 - INFO - 2/20
2026-09-04 15:33:26,453 - INFO - 3/20
2026-09-04 15:33:26,463 - INFO - 4/20
2026-09-04 15:33:26,473 - INFO - 5/20
2026-09-04 15:33:26,483 - INFO - 6/20
2026-09-04 15:33:26,493 - INFO - 7/20
2026-09-04 15:33:26,503 - INFO - 8/20
2026-09-04 15:33:26,513 - INFO - 9/20
2026-09-04 15:33:26,523 - INFO - 10/20
2026-09-04 15:33:26,533 - INFO - 11/20
2026-09-04 15:33:26,543 - INFO - 12/20
2026-09-04 15:33:26,553 - INFO - 13/20
2026-09-04 15:33:26,563 - INFO - 14/20
2026-09-04 15:33:26,573 - INFO - 15/20
2026-09-04 15:33:26,583 - INFO - 16/20
2026-09-04 15:33:26,592 - INFO - 17/20
2026-09-04 15:33:26,603 - INFO - 18/20
2026-09-04 15:33:26,613 - INFO - 19/20
2026-09-04 15:33:37,132 - INFO - Graph saved to data/ReadingPlots/Plot_QEPB0542_20260904_153326.png
2026-09-04 15:33:37,352 - INFO - Measurements saved to data/spectra/20260904_153326_QEPB0542_784.csv
2026-09-04 15:33:37,383 - INFO - Integration time set up 10000 microseconds.
2026-09-04 15:33:37,384 - INFO - Acquiring 20 scans.
2026-09-04 15:33:37,405 - INFO - 0/20
2026-09-04 15:33:37,415 - INFO - 1/20
2026-09-04 15:33:37,425 - INFO - 2/20
2026-09-04 15:33:37,435 - INFO - 3/20
2026-09-04 15:33:37,445 - INFO - 4/20
2026-09-04 15:33:37,455 - INFO - 5/20
2026-09-04 15:33:37,465 - INFO - 6/20
2026-09-04 15:33:37,475 - INFO - 7/20
2026-09-04 15:33:37,485 - INFO - 8/20
2026-09-04 15:33:37,495 - INFO - 9/20
2026-09-04 15:33:37,505 - INFO - 10/20
2026-09-04 15:33:37,515 - INFO - 11/20
2026-09-04 15:33:37,525 - INFO - 12/20
2026-09-04 15:33:37,535 - INFO - 13/20
2026-09-04 15:33:37,545 - INFO - 14/20
2026-09-04 15:33:37,555 - INFO - 15/20
2026-09-04 15:33:37,565 - INFO - 16/20
2026-09-04 15:33:37,576 - INFO - 17/20
2026-09-04 15:33:37,586 - INFO - 18/20
2026-09-04 15:33:37,595 - INFO - 19/20
2026-09-04 15:33:46,703 - INFO - Graph saved to data/ReadingPlots/Plot_QEPB0542_20260904_153337.png
2026-09-04 15:33:46,981 - INFO - Measurements saved to data/spectra/20260904_153337_QEPB0542_785.csv
2026-09-04 15:33:54,851 - INFO - Script starting
2026-09-04 15:33:54,852 - INFO - Searching for devices
2026-09-04 15:33:54,932 - INFO - Connected to spectrometer QE65000 with serial number QEPB0542
2026-09-04 15:33:54,964 - INFO - Integration time set up 10000 microseconds.
2026-09-04 15:33:54,965 - INFO - Acquiring 20 scans.
2026-09-04 15:33:54,987 - INFO - 0/20
2026-09-04 15:33:54,997 - INFO - 1/20
2026-09-04 15:33:55,007 - INFO - 2/20
2026-09-04 15:33:55,017 - INFO - 3/20
2026-09-04 15:33:55,027 - INFO - 4/20
2026-09-04 15:33:55,037 - INFO - 5/20
2026-09-04 15:33:55,047 - INFO - 6/20
2026-09-04 15:33:55,057 - INFO - 7/20
2026-09-04 15:33:55,067 - INFO - 8/20
2026-09-04 15:33:55,077 - INFO - 9/20
2026-09-04 15:33:55,087 - INFO - 10/20
2026-09-04 15:33:55,097 - INFO - 11/20
2026-09-04 15:33:55,107 - INFO - 12/20
2026-09-04 15:33:55,117 - INFO - 13/20
2026-09-04 15:33:55,127 - INFO - 14/20
2026-09-04 15:33:55,137 - INFO - 15/20
2026-09-04 15:33:55,147 - INFO - 16/20
2026-09-04 15:33:55,157 - INFO - 17/20
2026-09-04 15:33:55,166 - INFO - 18/20
2026-09-04 15:33:55,177 - INFO - 19/20
2026-09-04 15:34:04,816 - INFO - Script starting
2026-09-04 15:34:04,816 - INFO - Searching for devices
2026-09-04 15:34:04,893 - INFO - Connected to spectrometer QE65000 with serial number QEPB0542
2026-09-04 15:34:04,942 - INFO - Integration time set up 10000 microseconds.
2026-09-04 15:34:04,943 - INFO - Acquiring 20 scans.
2026-09-04 15:34:04,965 - INFO - 0/20
2026-09-04 15:34:04,975 - INFO - 1/20
2026-09-04 15:34:04,985 - INFO - 2/20
2026-09-04 15:34:04,995 - INFO - 3/20
2026-09-04 15:34:05,005 - INFO - 4/20
2026-09-04 15:34:05,015 - INFO - 5/20
2026-09-04 15:34:05,025 - INFO - 6/20
2026-09-04 15:34:05,035 - INFO - 7/20
2026-09-04 15:34:05,045 - INFO - 8/20
2026-09-04 15:34:05,055 - INFO - 9/20
2026-09-04 15:34:05,065 - INFO - 10/20
2026-09-04 15:34:05,075 - INFO - 11/20
2026-09-04 15:34:05,085 - INFO - 12/20
2026-09-04 15:34:05,095 - INFO - 13/20
2026-09-04 15:34:05,105 - INFO - 14/20
2026-09-04 15:34:05,115 - INFO - 15/20
2026-09-04 15:34:05,125 - INFO - 16/20
2026-09-04 15:34:05,135 - INFO - 17/20
2026-09-04 15:34:05,145 - INFO - 18/20
2026-09-04 15:34:05,155 - INFO - 19/20
2026-09-04 15:34:08,875 - INFO - Graph saved to data/ReadingPlots/Plot_QEPB0542_20260904_153405.png
2026-09-04 15:34:09,115 - INFO - Measurements saved to data/spectra/20260904_153405_QEPB0542_786.csv
2026-09-04 15:34:14,570 - INFO - Script starting
2026-09-04 15:34:14,570 - INFO - Searching for devices
2026-09-04 15:34:14,647 - INFO - Connected to spectrometer QE65000 with serial number QEPB0542
2026-09-04 15:34:14,679 - INFO - Integration time set up 10000 microseconds.
2026-09-04 15:34:14,680 - INFO - Acquiring 20 scans.
2026-09-04 15:34:14,701 - INFO - 0/20
2026-09-04 15:34:14,711 - INFO - 1/20
2026-09-04 15:34:14,721 - INFO - 2/20
2026-09-04 15:34:14,731 - INFO - 3/20
2026-09-04 15:34:14,741 - INFO - 4/20
2026-09-04 15:34:14,751 - INFO - 5/20
2026-09-04 15:34:14,761 - INFO - 6/20
2026-09-04 15:34:14,771 - INFO - 7/20
2026-09-04 15:34:14,781 - INFO - 8/20
2026-09-04 15:34:14,791 - INFO - 9/20
2026-09-04 15:34:14,801 - INFO - 10/20
2026-09-04 15:34:14,811 - INFO - 11/20
2026-09-04 15:34:14,821 - INFO - 12/20
2026-09-04 15:34:14,831 - INFO - 13/20
2026-09-04 15:34:14,841 - INFO - 14/20
2026-09-04 15:34:14,851 - INFO - 15/20
2026-09-04 15:34:14,861 - INFO - 16/20
2026-09-04 15:34:14,871 - INFO - 17/20
2026-09-04 15:34:14,881 - INFO - 18/20
2026-09-04 15:34:14,892 - INFO - 19/20
2026-09-04 15:34:40,445 - INFO - Graph saved to data/ReadingPlots/Plot_QEPB0542_20260904_153414.png
2026-09-04 15:34:40,661 - INFO - Measurements saved to data/spectra/20260904_153414_QEPB0542_787.csv
2026-09-04 15:34:46,384 - INFO - Script starting
2026-09-04 15:34:46,385 - INFO - Searching for devices
2026-09-04 15:34:46,467 - INFO - Connected to spectrometer QE65000 with serial number QEPB0542
2026-09-04 15:34:46,499 - INFO - Integration time set up 10000 microseconds.
2026-09-04 15:34:46,500 - INFO - Acquiring 20 scans.
2026-09-04 15:34:46,522 - INFO - 0/20
2026-09-04 15:34:46,532 - INFO - 1/20
2026-09-04 15:34:46,542 - INFO - 2/20
2026-09-04 15:34:46,552 - INFO - 3/20
2026-09-04 15:34:46,562 - INFO - 4/20
2026-09-04 15:34:46,572 - INFO - 5/20
2026-09-04 15:34:46,582 - INFO - 6/20
2026-09-04 15:34:46,592 - INFO - 7/20
2026-09-04 15:34:46,602 - INFO - 8/20
2026-09-04 15:34:46,612 - INFO - 9/20
2026-09-04 15:34:46,622 - INFO - 10/20
2026-09-04 15:34:46,632 - INFO - 11/20
2026-09-04 15:34:46,642 - INFO - 12/20
2026-09-04 15:34:46,652 - INFO - 13/20
2026-09-04 15:34:46,662 - INFO - 14/20
2026-09-04 15:34:46,672 - INFO - 15/20
2026-09-04 15:34:46,682 - INFO - 16/20
2026-09-04 15:34:46,692 - INFO - 17/20
2026-09-04 15:34:46,702 - INFO - 18/20
2026-09-04 15:34:46,712 - INFO - 19/20
2026-09-04 15:34:50,009 - INFO - Graph saved to data/ReadingPlots/Plot_QEPB0542_20260904_153446.png
2026-09-04 15:34:50,270 - INFO - Measurements saved to data/spectra/20260904_153446_QEPB0542_788.csv
2026-09-04 15:34:58,619 - INFO - Script starting
2026-09-04 15:34:58,619 - INFO - Searching for devices
2026-09-04 15:34:58,698 - INFO - Connected to spectrometer QE65000 with serial number QEPB0542
2026-09-04 15:34:58,730 - INFO - Integration time set up 10000 microseconds.
2026-09-04 15:34:58,730 - INFO - Acquiring 20 scans.
2026-09-04 15:34:58,752 - INFO - 0/20
2026-09-04 15:34:58,762 - INFO - 1/20
2026-09-04 15:34:58,772 - INFO - 2/20
2026-09-04 15:34:58,782 - INFO - 3/20
2026-09-04 15:34:58,792 - INFO - 4/20
2026-09-04 15:34:58,802 - INFO - 5/20
2026-09-04 15:34:58,812 - INFO - 6/20
2026-09-04 15:34:58,822 - INFO - 7/20
2026-09-04 15:34:58,832 - INFO - 8/20
2026-09-04 15:34:58,842 - INFO - 9/20
2026-09-04 15:34:58,852 - INFO - 10/20
2026-09-04 15:34:58,862 - INFO - 11/20
2026-09-04 15:34:58,872 - INFO - 12/20
2026-09-04 15:34:58,882 - INFO - 13/20
2026-09-04 15:34:58,892 - INFO - 14/20
2026-09-04 15:34:58,902 - INFO - 15/20
2026-09-04 15:34:58,912 - INFO - 16/20
2026-09-04 15:34:58,922 - INFO - 17/20
2026-09-04 15:34:58,932 - INFO - 18/20
2026-09-04 15:34:58,942 - INFO - 19/20
2026-09-04 15:35:02,168 - INFO - Graph saved to data/ReadingPlots/Plot_QEPB0542_20260904_153458.png
2026-09-04 15:35:02,417 - INFO - Measurements saved to data/spectra/20260904_153458_QEPB0542_789.csv
2026-09-04 15:35:08,096 - INFO - Script starting
2026-09-04 15:35:08,096 - INFO - Searching for devices
2026-09-04 15:35:08,174 - INFO - Connected to spectrometer QE65000 with serial number QEPB0542
2026-09-04 15:35:08,205 - INFO - Integration time set up 10000 microseconds.
2026-09-04 15:35:08,206 - INFO - Acquiring 20 scans.
2026-09-04 15:35:08,227 - INFO - 0/20
2026-09-04 15:35:08,237 - INFO - 1/20
2026-09-04 15:35:08,247 - INFO - 2/20
2026-09-04 15:35:08,257 - INFO - 3/20
2026-09-04 15:35:08,267 - INFO - 4/20
2026-09-04 15:35:08,277 - INFO - 5/20
2026-09-04 15:35:08,287 - INFO - 6/20
2026-09-04 15:35:08,297 - INFO - 7/20
2026-09-04 15:35:08,307 - INFO - 8/20
2026-09-04 15:35:08,317 - INFO - 9/20
2026-09-04 15:35:08,327 - INFO - 10/20
2026-09-04 15:35:08,337 - INFO - 11/20
2026-09-04 15:35:08,347 - INFO - 12/20
2026-09-04 15:35:08,357 - INFO - 13/20
2026-09-04 15:35:08,367 - INFO - 14/20
2026-09-04 15:35:08,377 - INFO - 15/20
2026-09-04 15:35:08,387 - INFO - 16/20
2026-09-04 15:35:08,397 - INFO - 17/20
2026-09-04 15:35:08,407 - INFO - 18/20
2026-09-04 15:35:08,417 - INFO - 19/20
2026-09-04 15:35:12,175 - INFO - Graph saved to data/ReadingPlots/Plot_QEPB0542_20260904_153508.png
2026-09-04 15:35:12,459 - INFO - Measurements saved to data/spectra/20260904_153508_QEPB0542_790.csv
2026-09-04 15:35:19,446 - INFO - Script starting
2026-09-04 15:35:19,447 - INFO - Searching for devices
2026-09-04 15:35:19,526 - INFO - Connected to spectrometer QE65000 with serial number QEPB0542
2026-09-04 15:35:19,558 - INFO - Integration time set up 10000 microseconds.
2026-09-04 15:35:19,558 - INFO - Acquiring 20 scans.
2026-09-04 15:35:19,580 - INFO - 0/20
2026-09-04 15:35:19,590 - INFO - 1/20
2026-09-04 15:35:19,600 - INFO - 2/20
2026-09-04 15:35:19,610 - INFO - 3/20
2026-09-04 15:35:19,620 - INFO - 4/20
2026-09-04 15:35:19,630 - INFO - 5/20
2026-09-04 15:35:19,640 - INFO - 6/20
2026-09-04 15:35:19,650 - INFO - 7/20
2026-09-04 15:35:19,660 - INFO - 8/20
2026-09-04 15:35:19,670 - INFO - 9/20
2026-09-04 15:35:19,680 - INFO - 10/20
2026-09-04 15:35:19,690 - INFO - 11/20
2026-09-04 15:35:19,700 - INFO - 12/20
2026-09-04 15:35:19,710 - INFO - 13/20
2026-09-04 15:35:19,720 - INFO - 14/20
2026-09-04 15:35:19,730 - INFO - 15/20
2026-09-04 15:35:19,740 - INFO - 16/20
2026-09-04 15:35:19,750 - INFO - 17/20
2026-09-04 15:35:19,760 - INFO - 18/20
2026-09-04 15:35:19,770 - INFO - 19/20
2026-09-04 15:35:23,309 - INFO - Graph saved to data/ReadingPlots/Plot_QEPB0542_20260904_153519.png
2026-09-04 15:35:23,610 - INFO - Measurements saved to data/spectra/20260904_153519_QEPB0542_791.csv
2026-09-04 15:35:35,354 - INFO - Script starting
2026-09-04 15:35:35,354 - INFO - Searching for devices
2026-09-04 15:35:35,429 - INFO - Connected to spectrometer QE65000 with serial number QEPB0542
2026-09-04 15:35:35,460 - INFO - Integration time set up 10000 microseconds.
2026-09-04 15:35:35,461 - INFO - Acquiring 20 scans.
2026-09-04 15:35:35,484 - INFO - 0/20
2026-09-04 15:35:35,494 - INFO - 1/20
2026-09-04 15:35:35,503 - INFO - 2/20
2026-09-04 15:35:35,513 - INFO - 3/20
2026-09-04 15:35:35,523 - INFO - 4/20
2026-09-04 15:35:35,533 - INFO - 5/20
2026-09-04 15:35:35,543 - INFO - 6/20
2026-09-04 15:35:35,553 - INFO - 7/20
2026-09-04 15:35:35,563 - INFO - 8/20
2026-09-04 15:35:35,573 - INFO - 9/20
2026-09-04 15:35:35,583 - INFO - 10/20
2026-09-04 15:35:35,593 - INFO - 11/20
2026-09-04 15:35:35,603 - INFO - 12/20
2026-09-04 15:35:35,613 - INFO - 13/20
2026-09-04 15:35:35,623 - INFO - 14/20
2026-09-04 15:35:35,633 - INFO - 15/20
2026-09-04 15:35:35,643 - INFO - 16/20
2026-09-04 15:35:35,653 - INFO - 17/20
2026-09-04 15:35:35,663 - INFO - 18/20
2026-09-04 15:35:35,673 - INFO - 19/20
2026-09-04 15:35:39,256 - INFO - Graph saved to data/ReadingPlots/Plot_QEPB0542_20260904_153535.png
2026-09-04 15:35:39,479 - INFO - Measurements saved to data/spectra/20260904_153535_QEPB0542_792.csv
2026-09-04 15:36:09,314 - INFO - Script starting
2026-09-04 15:36:09,314 - INFO - Searching for devices
2026-09-04 15:36:09,391 - INFO - Connected to spectrometer QE65000 with serial number QEPB0542
2026-09-04 15:36:09,424 - INFO - Integration time set up 10000 microseconds.
2026-09-04 15:36:09,425 - INFO - Acquiring 20 scans.
2026-09-04 15:36:09,447 - INFO - 0/20
2026-09-04 15:36:09,457 - INFO - 1/20
2026-09-04 15:36:09,467 - INFO - 2/20
2026-09-04 15:36:09,477 - INFO - 3/20
2026-09-04 15:36:09,487 - INFO - 4/20
2026-09-04 15:36:09,497 - INFO - 5/20
2026-09-04 15:36:09,507 - INFO - 6/20
2026-09-04 15:36:09,517 - INFO - 7/20
2026-09-04 15:36:09,527 - INFO - 8/20
2026-09-04 15:36:09,537 - INFO - 9/20
2026-09-04 15:36:09,547 - INFO - 10/20
2026-09-04 15:36:09,557 - INFO - 11/20
2026-09-04 15:36:09,567 - INFO - 12/20
2026-09-04 15:36:09,577 - INFO - 13/20
2026-09-04 15:36:09,587 - INFO - 14/20
2026-09-04 15:36:09,597 - INFO - 15/20
2026-09-04 15:36:09,607 - INFO - 16/20
2026-09-04 15:36:09,617 - INFO - 17/20
2026-09-04 15:36:09,627 - INFO - 18/20
2026-09-04 15:36:09,637 - INFO - 19/20
2026-09-04 15:36:13,053 - INFO - Graph saved to data/ReadingPlots/Plot_QEPB0542_20260904_153609.png
2026-09-04 15:36:13,296 - INFO - Measurements saved to data/spectra/20260904_153609_QEPB0542_793.csv
2026-09-04 15:36:20,494 - INFO - Script starting
2026-09-04 15:36:20,495 - INFO - Searching for devices
2026-09-04 15:36:20,571 - INFO - Connected to spectrometer QE65000 with serial number QEPB0542
2026-09-04 15:36:20,603 - INFO - Integration time set up 10000 microseconds.
2026-09-04 15:36:20,603 - INFO - Acquiring 20 scans.
2026-09-04 15:36:20,625 - INFO - 0/20
2026-09-04 15:36:20,635 - INFO - 1/20
2026-09-04 15:36:20,645 - INFO - 2/20
2026-09-04 15:36:20,655 - INFO - 3/20
2026-09-04 15:36:20,665 - INFO - 4/20
2026-09-04 15:36:20,675 - INFO - 5/20
2026-09-04 15:36:20,685 - INFO - 6/20
2026-09-04 15:36:20,695 - INFO - 7/20
2026-09-04 15:36:20,705 - INFO - 8/20
2026-09-04 15:36:20,715 - INFO - 9/20
2026-09-04 15:36:20,725 - INFO - 10/20
2026-09-04 15:36:20,735 - INFO - 11/20
2026-09-04 15:36:20,745 - INFO - 12/20
2026-09-04 15:36:20,755 - INFO - 13/20
2026-09-04 15:36:20,765 - INFO - 14/20
2026-09-04 15:36:20,775 - INFO - 15/20
2026-09-04 15:36:20,785 - INFO - 16/20
2026-09-04 15:36:20,795 - INFO - 17/20
2026-09-04 15:36:20,805 - INFO - 18/20
2026-09-04 15:36:20,815 - INFO - 19/20
2026-09-04 15:36:24,205 - INFO - Graph saved to data/ReadingPlots/Plot_QEPB0542_20260904_153620.png
2026-09-04 15:36:24,465 - INFO - Measurements saved to data/spectra/20260904_153620_QEPB0542_794.csv
2026-09-04 15:36:29,621 - INFO - Script starting
2026-09-04 15:36:29,622 - INFO - Searching for devices
2026-09-04 15:36:29,700 - INFO - Connected to spectrometer QE65000 with serial number QEPB0542
2026-09-04 15:36:29,732 - INFO - Integration time set up 10000 microseconds.
2026-09-04 15:36:29,732 - INFO - Acquiring 20 scans.
2026-09-04 15:36:29,754 - INFO - 0/20
2026-09-04 15:36:29,764 - INFO - 1/20
2026-09-04 15:36:29,774 - INFO - 2/20
2026-09-04 15:36:29,784 - INFO - 3/20
2026-09-04 15:36:29,794 - INFO - 4/20
2026-09-04 15:36:29,804 - INFO - 5/20
2026-09-04 15:36:29,814 - INFO - 6/20
2026-09-04 15:36:29,824 - INFO - 7/20
2026-09-04 15:36:29,834 - INFO - 8/20
2026-09-04 15:36:29,844 - INFO - 9/20
2026-09-04 15:36:29,854 - INFO - 10/20
2026-09-04 15:36:29,864 - INFO - 11/20
2026-09-04 15:36:29,874 - INFO - 12/20
2026-09-04 15:36:29,884 - INFO - 13/20
2026-09-04 15:36:29,894 - INFO - 14/20
2026-09-04 15:36:29,904 - INFO - 15/20
2026-09-04 15:36:29,914 - INFO - 16/20
2026-09-04 15:36:29,924 - INFO - 17/20
2026-09-04 15:36:29,934 - INFO - 18/20
2026-09-04 15:36:29,944 - INFO - 19/20
2026-09-04 15:36:33,680 - INFO - Graph saved to data/ReadingPlots/Plot_QEPB0542_20260904_153629.png
2026-09-04 15:36:33,917 - INFO - Measurements saved to data/spectra/20260904_153629_QEPB0542_795.csv
2026-09-04 15:36:39,773 - INFO - Script starting
2026-09-04 15:36:39,773 - INFO - Searching for devices
2026-09-04 15:36:39,854 - INFO - Connected to spectrometer QE65000 with serial number QEPB0542
2026-09-04 15:36:39,886 - INFO - Integration time set up 10000 microseconds.
2026-09-04 15:36:39,886 - INFO - Acquiring 20 scans.
2026-09-04 15:36:39,908 - INFO - 0/20
2026-09-04 15:36:39,918 - INFO - 1/20
2026-09-04 15:36:39,928 - INFO - 2/20
2026-09-04 15:36:39,938 - INFO - 3/20
2026-09-04 15:36:39,948 - INFO - 4/20
2026-09-04 15:36:39,958 - INFO - 5/20
2026-09-04 15:36:39,968 - INFO - 6/20
2026-09-04 15:36:39,978 - INFO - 7/20
2026-09-04 15:36:39,988 - INFO - 8/20
2026-09-04 15:36:39,998 - INFO - 9/20
2026-09-04 15:36:40,008 - INFO - 10/20
2026-09-04 15:36:40,018 - INFO - 11/20
2026-09-04 15:36:40,028 - INFO - 12/20
2026-09-04 15:36:40,038 - INFO - 13/20
2026-09-04 15:36:40,048 - INFO - 14/20
2026-09-04 15:36:40,058 - INFO - 15/20
2026-09-04 15:36:40,068 - INFO - 16/20
2026-09-04 15:36:40,078 - INFO - 17/20
2026-09-04 15:36:40,088 - INFO - 18/20
2026-09-04 15:36:40,098 - INFO - 19/20
2026-09-04 15:36:43,837 - INFO - Graph saved to data/ReadingPlots/Plot_QEPB0542_20260904_153640.png
2026-09-04 15:36:44,056 - INFO - Measurements saved to data/spectra/20260904_153640_QEPB0542_796.csv
2026-09-04 15:36:49,228 - INFO - Script starting
2026-09-04 15:36:49,228 - INFO - Searching for devices
2026-09-04 15:36:49,307 - INFO - Connected to spectrometer QE65000 with serial number QEPB0542
2026-09-04 15:36:49,338 - INFO - Integration time set up 10000 microseconds.
2026-09-04 15:36:49,339 - INFO - Acquiring 20 scans.
2026-09-04 15:36:49,361 - INFO - 0/20
2026-09-04 15:36:49,371 - INFO - 1/20
2026-09-04 15:36:49,381 - INFO - 2/20
2026-09-04 15:36:49,391 - INFO - 3/20
2026-09-04 15:36:49,401 - INFO - 4/20
2026-09-04 15:36:49,411 - INFO - 5/20
2026-09-04 15:36:49,421 - INFO - 6/20
2026-09-04 15:36:49,431 - INFO - 7/20
2026-09-04 15:36:49,441 - INFO - 8/20
2026-09-04 15:36:49,451 - INFO - 9/20
2026-09-04 15:36:49,461 - INFO - 10/20
2026-09-04 15:36:49,471 - INFO - 11/20
2026-09-04 15:36:49,481 - INFO - 12/20
2026-09-04 15:36:49,491 - INFO - 13/20
2026-09-04 15:36:49,501 - INFO - 14/20
2026-09-04 15:36:49,511 - INFO - 15/20
2026-09-04 15:36:49,521 - INFO - 16/20
2026-09-04 15:36:49,531 - INFO - 17/20
2026-09-04 15:36:49,541 - INFO - 18/20
2026-09-04 15:36:49,551 - INFO - 19/20
2026-09-04 15:36:52,578 - INFO - Graph saved to data/ReadingPlots/Plot_QEPB0542_20260904_153649.png
2026-09-04 15:36:52,846 - INFO - Measurements saved to data/spectra/20260904_153649_QEPB0542_797.csv
2026-09-04 15:37:00,031 - INFO - Script starting
2026-09-04 15:37:00,032 - INFO - Searching for devices
2026-09-04 15:37:00,109 - INFO - Connected to spectrometer QE65000 with serial number QEPB0542
2026-09-04 15:37:00,142 - INFO - Integration time set up 10000 microseconds.
2026-09-04 15:37:00,142 - INFO - Acquiring 20 scans.
2026-09-04 15:37:00,164 - INFO - 0/20
2026-09-04 15:37:00,179 - INFO - 1/20
2026-09-04 15:37:00,196 - INFO - 2/20
2026-09-04 15:37:00,204 - INFO - 3/20
2026-09-04 15:37:00,212 - INFO - 4/20
2026-09-04 15:37:00,220 - INFO - 5/20
2026-09-04 15:37:00,228 - INFO - 6/20
2026-09-04 15:37:00,236 - INFO - 7/20
2026-09-04 15:37:00,244 - INFO - 8/20
2026-09-04 15:37:00,254 - INFO - 9/20
2026-09-04 15:37:00,264 - INFO - 10/20
2026-09-04 15:37:00,274 - INFO - 11/20
2026-09-04 15:37:00,284 - INFO - 12/20
2026-09-04 15:37:00,294 - INFO - 13/20
2026-09-04 15:37:00,304 - INFO - 14/20
2026-09-04 15:37:00,314 - INFO - 15/20
2026-09-04 15:37:00,324 - INFO - 16/20
2026-09-04 15:37:00,334 - INFO - 17/20
2026-09-04 15:37:00,344 - INFO - 18/20
2026-09-04 15:37:00,354 - INFO - 19/20
2026-09-04 15:37:04,442 - INFO - Graph saved to data/ReadingPlots/Plot_QEPB0542_20260904_153700.png
2026-09-04 15:37:04,698 - INFO - Measurements saved to data/spectra/20260904_153700_QEPB0542_798.csv
2026-09-04 15:37:23,551 - INFO - Script starting
2026-09-04 15:37:23,552 - INFO - Searching for devices
2026-09-04 15:37:23,629 - INFO - Connected to spectrometer QE65000 with serial number QEPB0542
2026-09-04 15:37:23,662 - INFO - Integration time set up 10000 microseconds.
2026-09-04 15:37:23,663 - INFO - Acquiring 20 scans.
2026-09-04 15:37:23,685 - INFO - 0/20
2026-09-04 15:37:23,695 - INFO - 1/20
2026-09-04 15:37:23,705 - INFO - 2/20
2026-09-04 15:37:23,715 - INFO - 3/20
2026-09-04 15:37:23,725 - INFO - 4/20
2026-09-04 15:37:23,735 - INFO - 5/20
2026-09-04 15:37:23,745 - INFO - 6/20
2026-09-04 15:37:23,755 - INFO - 7/20
2026-09-04 15:37:23,765 - INFO - 8/20
2026-09-04 15:37:23,775 - INFO - 9/20
2026-09-04 15:37:23,785 - INFO - 10/20
2026-09-04 15:37:23,795 - INFO - 11/20
2026-09-04 15:37:23,805 - INFO - 12/20
2026-09-04 15:37:23,815 - INFO - 13/20
2026-09-04 15:37:23,825 - INFO - 14/20
2026-09-04 15:37:23,835 - INFO - 15/20
2026-09-04 15:37:23,845 - INFO - 16/20
2026-09-04 15:37:23,855 - INFO - 17/20
2026-09-04 15:37:23,865 - INFO - 18/20
2026-09-04 15:37:23,875 - INFO - 19/20
2026-09-04 15:37:27,337 - INFO - Graph saved to data/ReadingPlots/Plot_QEPB0542_20260904_153723.png
2026-09-04 15:37:27,619 - INFO - Measurements saved to data/spectra/20260904_153723_QEPB0542_799.csv
2026-09-04 15:37:32,664 - INFO - Script starting
2026-09-04 15:37:32,665 - INFO - Searching for devices
2026-09-04 15:37:32,742 - INFO - Connected to spectrometer QE65000 with serial number QEPB0542
2026-09-04 15:37:32,775 - INFO - Integration time set up 10000 microseconds.
2026-09-04 15:37:32,775 - INFO - Acquiring 20 scans.
2026-09-04 15:37:32,797 - INFO - 0/20
2026-09-04 15:37:32,807 - INFO - 1/20
2026-09-04 15:37:32,817 - INFO - 2/20
2026-09-04 15:37:32,827 - INFO - 3/20
2026-09-04 15:37:32,837 - INFO - 4/20
2026-09-04 15:37:32,847 - INFO - 5/20
2026-09-04 15:37:32,857 - INFO - 6/20
2026-09-04 15:37:32,867 - INFO - 7/20
2026-09-04 15:37:32,877 - INFO - 8/20
2026-09-04 15:37:32,887 - INFO - 9/20
2026-09-04 15:37:32,897 - INFO - 10/20
2026-09-04 15:37:32,907 - INFO - 11/20
2026-09-04 15:37:32,917 - INFO - 12/20
2026-09-04 15:37:32,927 - INFO - 13/20
2026-09-04 15:37:32,937 - INFO - 14/20
2026-09-04 15:37:32,947 - INFO - 15/20
2026-09-04 15:37:32,957 - INFO - 16/20
2026-09-04 15:37:32,967 - INFO - 17/20
2026-09-04 15:37:32,977 - INFO - 18/20
2026-09-04 15:37:32,987 - INFO - 19/20
2026-09-04 15:37:36,942 - INFO - Graph saved to data/ReadingPlots/Plot_QEPB0542_20260904_153732.png
2026-09-04 15:37:37,219 - INFO - Measurements saved to data/spectra/20260904_153732_QEPB0542_800.csv
2026-09-04 15:37:50,808 - INFO - Script starting
2026-09-04 15:37:50,808 - INFO - Searching for devices
2026-09-04 15:37:50,884 - INFO - Connected to spectrometer QE65000 with serial number QEPB0542
2026-09-04 15:37:50,915 - INFO - Integration time set up 10000 microseconds.
2026-09-04 15:37:50,916 - INFO - Acquiring 20 scans.
2026-09-04 15:37:50,938 - INFO - 0/20
2026-09-04 15:37:50,948 - INFO - 1/20
2026-09-04 15:37:50,958 - INFO - 2/20
2026-09-04 15:37:50,968 - INFO - 3/20
2026-09-04 15:37:50,978 - INFO - 4/20
2026-09-04 15:37:50,988 - INFO - 5/20
2026-09-04 15:37:50,998 - INFO - 6/20
2026-09-04 15:37:51,008 - INFO - 7/20
2026-09-04 15:37:51,018 - INFO - 8/20
2026-09-04 15:37:51,028 - INFO - 9/20
2026-09-04 15:37:51,038 - INFO - 10/20
2026-09-04 15:37:51,048 - INFO - 11/20
2026-09-04 15:37:51,058 - INFO - 12/20
2026-09-04 15:37:51,068 - INFO - 13/20
2026-09-04 15:37:51,078 - INFO - 14/20
2026-09-04 15:37:51,088 - INFO - 15/20
2026-09-04 15:37:51,098 - INFO - 16/20
2026-09-04 15:37:51,108 - INFO - 17/20
2026-09-04 15:37:51,118 - INFO - 18/20
2026-09-04 15:37:51,128 - INFO - 19/20
2026-09-04 15:37:54,195 - INFO - Graph saved to data/ReadingPlots/Plot_QEPB0542_20260904_153751.png
2026-09-04 15:37:54,425 - INFO - Measurements saved to data/spectra/20260904_153751_QEPB0542_801.csv
2026-09-04 15:38:00,273 - INFO - Script starting
2026-09-04 15:38:00,273 - INFO - Searching for devices
2026-09-04 15:38:00,350 - INFO - Connected to spectrometer QE65000 with serial number QEPB0542
2026-09-04 15:38:00,382 - INFO - Integration time set up 10000 microseconds.
2026-09-04 15:38:00,382 - INFO - Acquiring 20 scans.
2026-09-04 15:38:00,404 - INFO - 0/20
2026-09-04 15:38:00,414 - INFO - 1/20
2026-09-04 15:38:00,424 - INFO - 2/20
2026-09-04 15:38:00,434 - INFO - 3/20
2026-09-04 15:38:00,444 - INFO - 4/20
2026-09-04 15:38:00,454 - INFO - 5/20
2026-09-04 15:38:00,464 - INFO - 6/20
2026-09-04 15:38:00,474 - INFO - 7/20
2026-09-04 15:38:00,484 - INFO - 8/20
2026-09-04 15:38:00,494 - INFO - 9/20
2026-09-04 15:38:00,504 - INFO - 10/20
2026-09-04 15:38:00,514 - INFO - 11/20
2026-09-04 15:38:00,524 - INFO - 12/20
2026-09-04 15:38:00,534 - INFO - 13/20
2026-09-04 15:38:00,544 - INFO - 14/20
2026-09-04 15:38:00,554 - INFO - 15/20
2026-09-04 15:38:00,564 - INFO - 16/20
2026-09-04 15:38:00,574 - INFO - 17/20
2026-09-04 15:38:00,584 - INFO - 18/20
2026-09-04 15:38:00,594 - INFO - 19/20
2026-09-04 15:38:04,387 - INFO - Graph saved to data/ReadingPlots/Plot_QEPB0542_20260904_153800.png
2026-09-04 15:38:04,628 - INFO - Measurements saved to data/spectra/20260904_153800_QEPB0542_802.csv
2026-09-04 15:38:09,502 - INFO - Script starting
2026-09-04 15:38:09,502 - INFO - Searching for devices
2026-09-04 15:38:09,578 - INFO - Connected to spectrometer QE65000 with serial number QEPB0542
2026-09-04 15:38:09,609 - INFO - Integration time set up 10000 microseconds.
2026-09-04 15:38:09,609 - INFO - Acquiring 20 scans.
2026-09-04 15:38:09,631 - INFO - 0/20
2026-09-04 15:38:09,641 - INFO - 1/20
2026-09-04 15:38:09,651 - INFO - 2/20
2026-09-04 15:38:09,661 - INFO - 3/20
2026-09-04 15:38:09,671 - INFO - 4/20
2026-09-04 15:38:09,681 - INFO - 5/20
2026-09-04 15:38:09,691 - INFO - 6/20
2026-09-04 15:38:09,701 - INFO - 7/20
2026-09-04 15:38:09,711 - INFO - 8/20
2026-09-04 15:38:09,721 - INFO - 9/20
2026-09-04 15:38:09,731 - INFO - 10/20
2026-09-04 15:38:09,741 - INFO - 11/20
2026-09-04 15:38:09,751 - INFO - 12/20
2026-09-04 15:38:09,761 - INFO - 13/20
2026-09-04 15:38:09,771 - INFO - 14/20
2026-09-04 15:38:09,781 - INFO - 15/20
2026-09-04 15:38:09,791 - INFO - 16/20
2026-09-04 15:38:09,801 - INFO - 17/20
2026-09-04 15:38:09,811 - INFO - 18/20
2026-09-04 15:38:09,821 - INFO - 19/20
2026-09-04 15:38:24,024 - INFO - Graph saved to data/ReadingPlots/Plot_QEPB0542_20260904_153809.png
2026-09-04 15:38:24,255 - INFO - Measurements saved to data/spectra/20260904_153809_QEPB0542_803.csv
2026-09-04 15:38:44,261 - INFO - Script starting
2026-09-04 15:38:44,262 - INFO - Searching for devices
2026-09-04 15:38:44,340 - INFO - Connected to spectrometer QE65000 with serial number QEPB0542
2026-09-04 15:38:44,372 - INFO - Integration time set up 10000 microseconds.
2026-09-04 15:38:44,372 - INFO - Acquiring 20 scans.
2026-09-04 15:38:44,395 - INFO - 0/20
2026-09-04 15:38:44,405 - INFO - 1/20
2026-09-04 15:38:44,415 - INFO - 2/20
2026-09-04 15:38:44,425 - INFO - 3/20
2026-09-04 15:38:44,435 - INFO - 4/20
2026-09-04 15:38:44,444 - INFO - 5/20
2026-09-04 15:38:44,455 - INFO - 6/20
2026-09-04 15:38:44,464 - INFO - 7/20
2026-09-04 15:38:44,474 - INFO - 8/20
2026-09-04 15:38:44,485 - INFO - 9/20
2026-09-04 15:38:44,495 - INFO - 10/20
2026-09-04 15:38:44,504 - INFO - 11/20
2026-09-04 15:38:44,514 - INFO - 12/20
2026-09-04 15:38:44,524 - INFO - 13/20
2026-09-04 15:38:44,535 - INFO - 14/20
2026-09-04 15:38:44,544 - INFO - 15/20
2026-09-04 15:38:44,554 - INFO - 16/20
2026-09-04 15:38:44,564 - INFO - 17/20
2026-09-04 15:38:44,574 - INFO - 18/20
2026-09-04 15:38:44,584 - INFO - 19/20
2026-09-04 15:39:00,176 - INFO - Graph saved to data/ReadingPlots/Plot_QEPB0542_20260904_153844.png
2026-09-04 15:39:00,572 - INFO - Measurements saved to data/spectra/20260904_153844_QEPB0542_804.csv
2026-09-04 15:39:07,990 - INFO - Script starting
2026-09-04 15:39:07,990 - INFO - Searching for devices
2026-09-04 15:39:08,066 - INFO - Connected to spectrometer QE65000 with serial number QEPB0542
2026-09-04 15:39:08,097 - INFO - Integration time set up 10000 microseconds.
2026-09-04 15:39:08,097 - INFO - Acquiring 20 scans.
2026-09-04 15:39:08,119 - INFO - 0/20
2026-09-04 15:39:08,129 - INFO - 1/20
2026-09-04 15:39:08,139 - INFO - 2/20
2026-09-04 15:39:08,149 - INFO - 3/20
2026-09-04 15:39:08,159 - INFO - 4/20
2026-09-04 15:39:08,169 - INFO - 5/20
2026-09-04 15:39:08,179 - INFO - 6/20
2026-09-04 15:39:08,189 - INFO - 7/20
2026-09-04 15:39:08,199 - INFO - 8/20
2026-09-04 15:39:08,209 - INFO - 9/20
2026-09-04 15:39:08,219 - INFO - 10/20
2026-09-04 15:39:08,229 - INFO - 11/20
2026-09-04 15:39:08,240 - INFO - 12/20
2026-09-04 15:39:08,249 - INFO - 13/20
2026-09-04 15:39:08,259 - INFO - 14/20
2026-09-04 15:39:08,269 - INFO - 15/20
2026-09-04 15:39:08,279 - INFO - 16/20
2026-09-04 15:39:08,289 - INFO - 17/20
2026-09-04 15:39:08,299 - INFO - 18/20
2026-09-04 15:39:08,309 - INFO - 19/20
2026-09-04 15:39:49,361 - INFO - Graph saved to data/ReadingPlots/Plot_QEPB0542_20260904_153908.png
2026-09-04 15:39:49,638 - INFO - Measurements saved to data/spectra/20260904_153908_QEPB0542_805.csv
2026-09-04 15:48:32,345 - INFO - Script starting
2026-09-04 15:48:32,346 - INFO - Searching for devices
2026-09-04 15:48:32,424 - INFO - Connected to spectrometer QE65000 with serial number QEPB0542
2026-09-04 15:48:38,251 - INFO - Integration time set up 10000 microseconds.
2026-09-04 15:48:38,252 - INFO - Acquiring 20 scans.
2026-09-04 15:48:38,274 - INFO - 0/20
2026-09-04 15:48:38,284 - INFO - 1/20
2026-09-04 15:48:38,294 - INFO - 2/20
2026-09-04 15:48:38,304 - INFO - 3/20
2026-09-04 15:48:38,314 - INFO - 4/20
2026-09-04 15:48:38,324 - INFO - 5/20
2026-09-04 15:48:38,334 - INFO - 6/20
2026-09-04 15:48:38,345 - INFO - 7/20
2026-09-04 15:48:38,354 - INFO - 8/20
2026-09-04 15:48:38,364 - INFO - 9/20
2026-09-04 15:48:38,374 - INFO - 10/20
2026-09-04 15:48:38,384 - INFO - 11/20
2026-09-04 15:48:38,394 - INFO - 12/20
2026-09-04 15:48:38,404 - INFO - 13/20
2026-09-04 15:48:38,415 - INFO - 14/20
2026-09-04 15:48:38,424 - INFO - 15/20
2026-09-04 15:48:38,434 - INFO - 16/20
2026-09-04 15:48:38,444 - INFO - 17/20
2026-09-04 15:48:38,454 - INFO - 18/20
2026-09-04 15:48:38,464 - INFO - 19/20
2026-09-04 15:48:42,781 - INFO - Graph saved to data/ReadingPlots/Plot_QEPB0542_20260904_154838.png
2026-09-04 15:48:43,033 - INFO - Measurements saved to data/spectra/20260904_154838_QEPB0542_777_MachZehnInteMeasurement.csv
2026-09-04 15:48:43,034 - INFO - Error with measuring. - invalid literal for int() with base 10: ''
2026-09-04 15:48:55,895 - INFO - Script starting
2026-09-04 15:48:55,895 - INFO - Searching for devices
2026-09-04 15:49:00,562 - INFO - Script starting
2026-09-04 15:49:00,562 - INFO - Searching for devices
2026-09-04 15:49:00,639 - INFO - Connected to spectrometer QE65000 with serial number QEPB0542
2026-09-04 15:49:04,033 - INFO - Integration time set up 10000 microseconds.
2026-09-04 15:49:04,034 - INFO - Acquiring 20 scans.
2026-09-04 15:49:04,056 - INFO - 0/20
2026-09-04 15:49:04,066 - INFO - 1/20
2026-09-04 15:49:04,076 - INFO - 2/20
2026-09-04 15:49:04,086 - INFO - 3/20
2026-09-04 15:49:04,096 - INFO - 4/20
2026-09-04 15:49:04,106 - INFO - 5/20
2026-09-04 15:49:04,116 - INFO - 6/20
2026-09-04 15:49:04,126 - INFO - 7/20
2026-09-04 15:49:04,136 - INFO - 8/20
2026-09-04 15:49:04,146 - INFO - 9/20
2026-09-04 15:49:04,156 - INFO - 10/20
2026-09-04 15:49:04,166 - INFO - 11/20
2026-09-04 15:49:04,176 - INFO - 12/20
2026-09-04 15:49:04,186 - INFO - 13/20
2026-09-04 15:49:04,196 - INFO - 14/20
2026-09-04 15:49:04,206 - INFO - 15/20
2026-09-04 15:49:04,216 - INFO - 16/20
2026-09-04 15:49:04,226 - INFO - 17/20
2026-09-04 15:49:04,236 - INFO - 18/20
2026-09-04 15:49:04,246 - INFO - 19/20
2026-09-04 15:49:07,438 - INFO - Graph saved to data/ReadingPlots/Plot_QEPB0542_20260904_154904.png
2026-09-04 15:49:07,737 - INFO - Measurements saved to data/spectra/20260904_154904_QEPB0542_778_MachZehnInteMeasurement.csv
2026-09-04 15:49:12,621 - INFO - Integration time set up 10000 microseconds.
2026-09-04 15:49:12,621 - INFO - Acquiring 20 scans.
2026-09-04 15:49:12,644 - INFO - 0/20
2026-09-04 15:49:12,654 - INFO - 1/20
2026-09-04 15:49:12,663 - INFO - 2/20
2026-09-04 15:49:12,674 - INFO - 3/20
2026-09-04 15:49:12,683 - INFO - 4/20
2026-09-04 15:49:12,693 - INFO - 5/20
2026-09-04 15:49:12,704 - INFO - 6/20
2026-09-04 15:49:12,714 - INFO - 7/20
2026-09-04 15:49:12,724 - INFO - 8/20
2026-09-04 15:49:12,734 - INFO - 9/20
2026-09-04 15:49:12,744 - INFO - 10/20
2026-09-04 15:49:12,754 - INFO - 11/20
2026-09-04 15:49:12,763 - INFO - 12/20
2026-09-04 15:49:12,774 - INFO - 13/20
2026-09-04 15:49:12,784 - INFO - 14/20
2026-09-04 15:49:12,794 - INFO - 15/20
2026-09-04 15:49:12,803 - INFO - 16/20
2026-09-04 15:49:12,813 - INFO - 17/20
2026-09-04 15:49:12,823 - INFO - 18/20
2026-09-04 15:49:12,833 - INFO - 19/20
2026-09-04 15:49:16,401 - INFO - Graph saved to data/ReadingPlots/Plot_QEPB0542_20260904_154912.png
2026-09-04 15:49:16,685 - INFO - Measurements saved to data/spectra/20260904_154912_QEPB0542_779_MachZehnInteMeasurement.csv
2026-09-04 15:49:23,167 - INFO - Integration time set up 10000 microseconds.
2026-09-04 15:49:23,167 - INFO - Acquiring 20 scans.
2026-09-04 15:49:23,190 - INFO - 0/20
2026-09-04 15:49:23,199 - INFO - 1/20
2026-09-04 15:49:23,210 - INFO - 2/20
2026-09-04 15:49:23,219 - INFO - 3/20
2026-09-04 15:49:23,229 - INFO - 4/20
2026-09-04 15:49:23,240 - INFO - 5/20
2026-09-04 15:49:23,249 - INFO - 6/20
2026-09-04 15:49:23,260 - INFO - 7/20
2026-09-04 15:49:23,270 - INFO - 8/20
2026-09-04 15:49:23,280 - INFO - 9/20
2026-09-04 15:49:23,290 - INFO - 10/20
2026-09-04 15:49:23,299 - INFO - 11/20
2026-09-04 15:49:23,309 - INFO - 12/20
2026-09-04 15:49:23,319 - INFO - 13/20
2026-09-04 15:49:23,329 - INFO - 14/20
2026-09-04 15:49:23,339 - INFO - 15/20
2026-09-04 15:49:23,350 - INFO - 16/20
2026-09-04 15:49:23,359 - INFO - 17/20
2026-09-04 15:49:23,369 - INFO - 18/20
2026-09-04 15:49:23,379 - INFO - 19/20
2026-09-04 15:49:28,496 - INFO - Graph saved to data/ReadingPlots/Plot_QEPB0542_20260904_154923.png
2026-09-04 15:49:28,709 - INFO - Measurements saved to data/spectra/20260904_154923_QEPB0542_780_MachZehnInteMeasurement.csv
2026-09-04 15:49:33,674 - INFO - Integration time set up 10000 microseconds.
2026-09-04 15:49:33,675 - INFO - Acquiring 20 scans.
2026-09-04 15:49:33,697 - INFO - 0/20
2026-09-04 15:49:33,707 - INFO - 1/20
2026-09-04 15:49:33,717 - INFO - 2/20
2026-09-04 15:49:33,727 - INFO - 3/20
2026-09-04 15:49:33,737 - INFO - 4/20
2026-09-04 15:49:33,747 - INFO - 5/20
2026-09-04 15:49:33,757 - INFO - 6/20
2026-09-04 15:49:33,767 - INFO - 7/20
2026-09-04 15:49:33,777 - INFO - 8/20
2026-09-04 15:49:33,787 - INFO - 9/20
2026-09-04 15:49:33,797 - INFO - 10/20
2026-09-04 15:49:33,807 - INFO - 11/20
2026-09-04 15:49:33,817 - INFO - 12/20
2026-09-04 15:49:33,827 - INFO - 13/20
2026-09-04 15:49:33,837 - INFO - 14/20
2026-09-04 15:49:33,847 - INFO - 15/20
2026-09-04 15:49:33,857 - INFO - 16/20
2026-09-04 15:49:33,867 - INFO - 17/20
2026-09-04 15:49:33,877 - INFO - 18/20
2026-09-04 15:49:33,887 - INFO - 19/20
2026-09-04 15:49:38,590 - INFO - Graph saved to data/ReadingPlots/Plot_QEPB0542_20260904_154933.png
2026-09-04 15:49:38,806 - INFO - Measurements saved to data/spectra/20260904_154933_QEPB0542_781_MachZehnInteMeasurement.csv
2026-09-04 15:49:42,204 - INFO - Integration time set up 10000 microseconds.
2026-09-04 15:49:42,204 - INFO - Acquiring 20 scans.
2026-09-04 15:49:42,226 - INFO - 0/20
2026-09-04 15:49:42,236 - INFO - 1/20
2026-09-04 15:49:42,246 - INFO - 2/20
2026-09-04 15:49:42,256 - INFO - 3/20
2026-09-04 15:49:42,266 - INFO - 4/20
2026-09-04 15:49:42,276 - INFO - 5/20
2026-09-04 15:49:42,287 - INFO - 6/20
2026-09-04 15:49:42,297 - INFO - 7/20
2026-09-04 15:49:42,306 - INFO - 8/20
2026-09-04 15:49:42,316 - INFO - 9/20
2026-09-04 15:49:42,327 - INFO - 10/20
2026-09-04 15:49:42,337 - INFO - 11/20
2026-09-04 15:49:42,347 - INFO - 12/20
2026-09-04 15:49:42,356 - INFO - 13/20
2026-09-04 15:49:42,366 - INFO - 14/20
2026-09-04 15:49:42,376 - INFO - 15/20
2026-09-04 15:49:42,386 - INFO - 16/20
2026-09-04 15:49:42,396 - INFO - 17/20
2026-09-04 15:49:42,406 - INFO - 18/20
2026-09-04 15:49:42,416 - INFO - 19/20
2026-09-04 15:49:47,861 - INFO - Graph saved to data/ReadingPlots/Plot_QEPB0542_20260904_154942.png
2026-09-04 15:49:48,095 - INFO - Measurements saved to data/spectra/20260904_154942_QEPB0542_782_MachZehnInteMeasurement.csv
2026-09-04 15:49:50,789 - INFO - Integration time set up 10000 microseconds.
2026-09-04 15:49:50,790 - INFO - Acquiring 20 scans.
2026-09-04 15:49:50,811 - INFO - 0/20
2026-09-04 15:49:50,821 - INFO - 1/20
2026-09-04 15:49:50,831 - INFO - 2/20
2026-09-04 15:49:50,841 - INFO - 3/20
2026-09-04 15:49:50,851 - INFO - 4/20
2026-09-04 15:49:50,861 - INFO - 5/20
2026-09-04 15:49:50,872 - INFO - 6/20
2026-09-04 15:49:50,881 - INFO - 7/20
2026-09-04 15:49:50,891 - INFO - 8/20
2026-09-04 15:49:50,901 - INFO - 9/20
2026-09-04 15:49:50,911 - INFO - 10/20
2026-09-04 15:49:50,921 - INFO - 11/20
2026-09-04 15:49:50,931 - INFO - 12/20
2026-09-04 15:49:50,941 - INFO - 13/20
2026-09-04 15:49:50,951 - INFO - 14/20
2026-09-04 15:49:50,961 - INFO - 15/20
2026-09-04 15:49:50,972 - INFO - 16/20
2026-09-04 15:49:50,981 - INFO - 17/20
2026-09-04 15:49:50,991 - INFO - 18/20
2026-09-04 15:49:51,001 - INFO - 19/20
2026-09-04 15:50:04,854 - INFO - Graph saved to data/ReadingPlots/Plot_QEPB0542_20260904_154951.png
2026-09-04 15:50:05,152 - INFO - Measurements saved to data/spectra/20260904_154951_QEPB0542_783_MachZehnInteMeasurement.csv
2026-09-04 15:50:10,343 - INFO - Integration time set up 10000 microseconds.
2026-09-04 15:50:10,343 - INFO - Acquiring 20 scans.
2026-09-04 15:50:10,366 - INFO - 0/20
2026-09-04 15:50:10,375 - INFO - 1/20
2026-09-04 15:50:10,386 - INFO - 2/20
2026-09-04 15:50:10,396 - INFO - 3/20
2026-09-04 15:50:10,406 - INFO - 4/20
2026-09-04 15:50:10,416 - INFO - 5/20
2026-09-04 15:50:10,426 - INFO - 6/20
2026-09-04 15:50:10,436 - INFO - 7/20
2026-09-04 15:50:10,446 - INFO - 8/20
2026-09-04 15:50:10,456 - INFO - 9/20
2026-09-04 15:50:10,466 - INFO - 10/20
2026-09-04 15:50:10,476 - INFO - 11/20
2026-09-04 15:50:10,486 - INFO - 12/20
2026-09-04 15:50:10,496 - INFO - 13/20
2026-09-04 15:50:10,506 - INFO - 14/20
2026-09-04 15:50:10,516 - INFO - 15/20
2026-09-04 15:50:10,525 - INFO - 16/20
2026-09-04 15:50:10,536 - INFO - 17/20
2026-09-04 15:50:10,546 - INFO - 18/20
2026-09-04 15:50:10,556 - INFO - 19/20
2026-09-04 15:50:17,443 - INFO - Graph saved to data/ReadingPlots/Plot_QEPB0542_20260904_155010.png
2026-09-04 15:50:17,751 - INFO - Measurements saved to data/spectra/20260904_155010_QEPB0542_784_MachZehnInteMeasurement.csv
2026-09-04 15:50:20,599 - INFO - Integration time set up 10000 microseconds.
2026-09-04 15:50:20,599 - INFO - Acquiring 20 scans.
2026-09-04 15:50:20,621 - INFO - 0/20
2026-09-04 15:50:20,631 - INFO - 1/20
2026-09-04 15:50:20,641 - INFO - 2/20
2026-09-04 15:50:20,651 - INFO - 3/20
2026-09-04 15:50:20,661 - INFO - 4/20
2026-09-04 15:50:20,671 - INFO - 5/20
2026-09-04 15:50:20,681 - INFO - 6/20
2026-09-04 15:50:20,691 - INFO - 7/20
2026-09-04 15:50:20,701 - INFO - 8/20
2026-09-04 15:50:20,711 - INFO - 9/20
2026-09-04 15:50:20,721 - INFO - 10/20
2026-09-04 15:50:20,731 - INFO - 11/20
2026-09-04 15:50:20,741 - INFO - 12/20
2026-09-04 15:50:20,751 - INFO - 13/20
2026-09-04 15:50:20,761 - INFO - 14/20
2026-09-04 15:50:20,772 - INFO - 15/20
2026-09-04 15:50:20,783 - INFO - 16/20
2026-09-04 15:50:20,791 - INFO - 17/20
2026-09-04 15:50:20,801 - INFO - 18/20
2026-09-04 15:50:20,812 - INFO - 19/20
2026-09-04 15:50:26,489 - INFO - Graph saved to data/ReadingPlots/Plot_QEPB0542_20260904_155020.png
2026-09-04 15:50:26,788 - INFO - Measurements saved to data/spectra/20260904_155020_QEPB0542_785_MachZehnInteMeasurement.csv
2026-09-04 15:50:30,024 - INFO - Integration time set up 10000 microseconds.
2026-09-04 15:50:30,024 - INFO - Acquiring 20 scans.
2026-09-04 15:50:30,046 - INFO - 0/20
2026-09-04 15:50:30,056 - INFO - 1/20
2026-09-04 15:50:30,066 - INFO - 2/20
2026-09-04 15:50:30,076 - INFO - 3/20
2026-09-04 15:50:30,086 - INFO - 4/20
2026-09-04 15:50:30,096 - INFO - 5/20
2026-09-04 15:50:30,106 - INFO - 6/20
2026-09-04 15:50:30,116 - INFO - 7/20
2026-09-04 15:50:30,126 - INFO - 8/20
2026-09-04 15:50:30,136 - INFO - 9/20
2026-09-04 15:50:30,146 - INFO - 10/20
2026-09-04 15:50:30,156 - INFO - 11/20
2026-09-04 15:50:30,166 - INFO - 12/20
2026-09-04 15:50:30,176 - INFO - 13/20
2026-09-04 15:50:30,186 - INFO - 14/20
2026-09-04 15:50:30,196 - INFO - 15/20
2026-09-04 15:50:30,206 - INFO - 16/20
2026-09-04 15:50:30,216 - INFO - 17/20
2026-09-04 15:50:30,226 - INFO - 18/20
2026-09-04 15:50:30,236 - INFO - 19/20
2026-09-04 15:50:35,059 - INFO - Graph saved to data/ReadingPlots/Plot_QEPB0542_20260904_155030.png
2026-09-04 15:50:35,297 - INFO - Measurements saved to data/spectra/20260904_155030_QEPB0542_786_MachZehnInteMeasurement.csv
2026-09-04 15:50:38,430 - INFO - Integration time set up 10000 microseconds.
2026-09-04 15:50:38,430 - INFO - Acquiring 20 scans.
2026-09-04 15:50:38,452 - INFO - 0/20
2026-09-04 15:50:38,462 - INFO - 1/20
2026-09-04 15:50:38,472 - INFO - 2/20
2026-09-04 15:50:38,482 - INFO - 3/20
2026-09-04 15:50:38,492 - INFO - 4/20
2026-09-04 15:50:38,502 - INFO - 5/20
2026-09-04 15:50:38,512 - INFO - 6/20
2026-09-04 15:50:38,522 - INFO - 7/20
2026-09-04 15:50:38,532 - INFO - 8/20
2026-09-04 15:50:38,542 - INFO - 9/20
2026-09-04 15:50:38,552 - INFO - 10/20
2026-09-04 15:50:38,562 - INFO - 11/20
2026-09-04 15:50:38,572 - INFO - 12/20
2026-09-04 15:50:38,582 - INFO - 13/20
2026-09-04 15:50:38,592 - INFO - 14/20
2026-09-04 15:50:38,602 - INFO - 15/20
2026-09-04 15:50:38,612 - INFO - 16/20
2026-09-04 15:50:38,622 - INFO - 17/20
2026-09-04 15:50:38,632 - INFO - 18/20
2026-09-04 15:50:38,642 - INFO - 19/20
2026-09-04 15:50:42,862 - INFO - Graph saved to data/ReadingPlots/Plot_QEPB0542_20260904_155038.png
2026-09-04 15:50:43,099 - INFO - Measurements saved to data/spectra/20260904_155038_QEPB0542_787_MachZehnInteMeasurement.csv
2026-09-04 15:50:55,527 - INFO - Integration time set up 10000 microseconds.
2026-09-04 15:50:55,527 - INFO - Acquiring 20 scans.
2026-09-04 15:50:55,550 - INFO - 0/20
2026-09-04 15:50:55,560 - INFO - 1/20
2026-09-04 15:50:55,570 - INFO - 2/20
2026-09-04 15:50:55,580 - INFO - 3/20
2026-09-04 15:50:55,590 - INFO - 4/20
2026-09-04 15:50:55,600 - INFO - 5/20
2026-09-04 15:50:55,610 - INFO - 6/20
2026-09-04 15:50:55,620 - INFO - 7/20
2026-09-04 15:50:55,629 - INFO - 8/20
2026-09-04 15:50:55,640 - INFO - 9/20
2026-09-04 15:50:55,650 - INFO - 10/20
2026-09-04 15:50:55,660 - INFO - 11/20
2026-09-04 15:50:55,670 - INFO - 12/20
2026-09-04 15:50:55,680 - INFO - 13/20
2026-09-04 15:50:55,690 - INFO - 14/20
2026-09-04 15:50:55,700 - INFO - 15/20
2026-09-04 15:50:55,710 - INFO - 16/20
2026-09-04 15:50:55,720 - INFO - 17/20
2026-09-04 15:50:55,730 - INFO - 18/20
2026-09-04 15:50:55,740 - INFO - 19/20
2026-09-04 15:51:00,747 - INFO - Graph saved to data/ReadingPlots/Plot_QEPB0542_20260904_155055.png
2026-09-04 15:51:01,007 - INFO - Measurements saved to data/spectra/20260904_155055_QEPB0542_788_MachZehnInteMeasurement.csv
2026-09-04 15:51:06,220 - INFO - Integration time set up 10000 microseconds.
2026-09-04 15:51:06,220 - INFO - Acquiring 20 scans.
2026-09-04 15:51:06,243 - INFO - 0/20
2026-09-04 15:51:06,253 - INFO - 1/20
2026-09-04 15:51:06,263 - INFO - 2/20
2026-09-04 15:51:06,273 - INFO - 3/20
2026-09-04 15:51:06,283 - INFO - 4/20
2026-09-04 15:51:06,293 - INFO - 5/20
2026-09-04 15:51:06,303 - INFO - 6/20
2026-09-04 15:51:06,313 - INFO - 7/20
2026-09-04 15:51:06,323 - INFO - 8/20
2026-09-04 15:51:06,333 - INFO - 9/20
2026-09-04 15:51:06,343 - INFO - 10/20
2026-09-04 15:51:06,353 - INFO - 11/20
2026-09-04 15:51:06,363 - INFO - 12/20
2026-09-04 15:51:06,373 - INFO - 13/20
2026-09-04 15:51:06,383 - INFO - 14/20
2026-09-04 15:51:06,393 - INFO - 15/20
2026-09-04 15:51:06,403 - INFO - 16/20
2026-09-04 15:51:06,413 - INFO - 17/20
2026-09-04 15:51:06,423 - INFO - 18/20
2026-09-04 15:51:06,433 - INFO - 19/20
2026-09-04 15:51:11,091 - INFO - Graph saved to data/ReadingPlots/Plot_QEPB0542_20260904_155106.png
2026-09-04 15:51:11,316 - INFO - Measurements saved to data/spectra/20260904_155106_QEPB0542_789_MachZehnInteMeasurement.csv
2026-09-04 15:51:15,298 - INFO - Integration time set up 10000 microseconds.
2026-09-04 15:51:15,298 - INFO - Acquiring 20 scans.
2026-09-04 15:51:15,321 - INFO - 0/20
2026-09-04 15:51:15,330 - INFO - 1/20
2026-09-04 15:51:15,340 - INFO - 2/20
2026-09-04 15:51:15,350 - INFO - 3/20
2026-09-04 15:51:15,360 - INFO - 4/20
2026-09-04 15:51:15,370 - INFO - 5/20
2026-09-04 15:51:15,380 - INFO - 6/20
2026-09-04 15:51:15,390 - INFO - 7/20
2026-09-04 15:51:15,400 - INFO - 8/20
2026-09-04 15:51:15,410 - INFO - 9/20
2026-09-04 15:51:15,420 - INFO - 10/20
2026-09-04 15:51:15,430 - INFO - 11/20
2026-09-04 15:51:15,440 - INFO - 12/20
2026-09-04 15:51:15,450 - INFO - 13/20
2026-09-04 15:51:15,460 - INFO - 14/20
2026-09-04 15:51:15,470 - INFO - 15/20
2026-09-04 15:51:15,480 - INFO - 16/20
2026-09-04 15:51:15,490 - INFO - 17/20
2026-09-04 15:51:15,501 - INFO - 18/20
2026-09-04 15:51:15,510 - INFO - 19/20
2026-09-04 15:51:18,920 - INFO - Graph saved to data/ReadingPlots/Plot_QEPB0542_20260904_155115.png
2026-09-04 15:51:19,134 - INFO - Measurements saved to data/spectra/20260904_155115_QEPB0542_790_MachZehnInteMeasurement.csv
2026-09-04 15:51:21,454 - INFO - Integration time set up 10000 microseconds.
2026-09-04 15:51:21,454 - INFO - Acquiring 20 scans.
2026-09-04 15:51:21,476 - INFO - 0/20
2026-09-04 15:51:21,486 - INFO - 1/20
2026-09-04 15:51:21,496 - INFO - 2/20
2026-09-04 15:51:21,506 - INFO - 3/20
2026-09-04 15:51:21,516 - INFO - 4/20
2026-09-04 15:51:21,526 - INFO - 5/20
2026-09-04 15:51:21,536 - INFO - 6/20
2026-09-04 15:51:21,546 - INFO - 7/20
2026-09-04 15:51:21,556 - INFO - 8/20
2026-09-04 15:51:21,566 - INFO - 9/20
2026-09-04 15:51:21,576 - INFO - 10/20
2026-09-04 15:51:21,586 - INFO - 11/20
2026-09-04 15:51:21,596 - INFO - 12/20
2026-09-04 15:51:21,606 - INFO - 13/20
2026-09-04 15:51:21,616 - INFO - 14/20
2026-09-04 15:51:21,626 - INFO - 15/20
2026-09-04 15:51:21,636 - INFO - 16/20
2026-09-04 15:51:21,646 - INFO - 17/20
2026-09-04 15:51:21,656 - INFO - 18/20
2026-09-04 15:51:21,666 - INFO - 19/20
2026-09-04 15:51:24,878 - INFO - Graph saved to data/ReadingPlots/Plot_QEPB0542_20260904_155121.png
2026-09-04 15:51:25,097 - INFO - Measurements saved to data/spectra/20260904_155121_QEPB0542_791_MachZehnInteMeasurement.csv
2026-09-04 15:51:39,872 - INFO - Integration time set up 10000 microseconds.
2026-09-04 15:51:39,873 - INFO - Acquiring 20 scans.
2026-09-04 15:51:39,895 - INFO - 0/20
2026-09-04 15:51:39,906 - INFO - 1/20
2026-09-04 15:51:39,916 - INFO - 2/20
2026-09-04 15:51:39,925 - INFO - 3/20
2026-09-04 15:51:39,936 - INFO - 4/20
2026-09-04 15:51:39,946 - INFO - 5/20
2026-09-04 15:51:39,956 - INFO - 6/20
2026-09-04 15:51:39,965 - INFO - 7/20
2026-09-04 15:51:39,975 - INFO - 8/20
2026-09-04 15:51:39,986 - INFO - 9/20
2026-09-04 15:51:39,996 - INFO - 10/20
2026-09-04 15:51:40,006 - INFO - 11/20
2026-09-04 15:51:40,016 - INFO - 12/20
2026-09-04 15:51:40,026 - INFO - 13/20
2026-09-04 15:51:40,036 - INFO - 14/20
2026-09-04 15:51:40,045 - INFO - 15/20
2026-09-04 15:51:40,056 - INFO - 16/20
2026-09-04 15:51:40,065 - INFO - 17/20
2026-09-04 15:51:40,076 - INFO - 18/20
2026-09-04 15:51:40,086 - INFO - 19/20
2026-09-04 15:51:43,120 - INFO - Graph saved to data/ReadingPlots/Plot_QEPB0542_20260904_155140.png
2026-09-04 15:51:43,396 - INFO - Measurements saved to data/spectra/20260904_155140_QEPB0542_792_MachZehnInteMeasurement.csv
2026-09-04 15:51:46,997 - INFO - Integration time set up 10000 microseconds.
2026-09-04 15:51:46,997 - INFO - Acquiring 20 scans.
2026-09-04 15:51:47,019 - INFO - 0/20
2026-09-04 15:51:47,029 - INFO - 1/20
2026-09-04 15:51:47,039 - INFO - 2/20
2026-09-04 15:51:47,049 - INFO - 3/20
2026-09-04 15:51:47,058 - INFO - 4/20
2026-09-04 15:51:47,069 - INFO - 5/20
2026-09-04 15:51:47,078 - INFO - 6/20
2026-09-04 15:51:47,088 - INFO - 7/20
2026-09-04 15:51:47,098 - INFO - 8/20
2026-09-04 15:51:47,109 - INFO - 9/20
2026-09-04 15:51:47,118 - INFO - 10/20
2026-09-04 15:51:47,128 - INFO - 11/20
2026-09-04 15:51:47,138 - INFO - 12/20
2026-09-04 15:51:47,148 - INFO - 13/20
2026-09-04 15:51:47,158 - INFO - 14/20
2026-09-04 15:51:47,168 - INFO - 15/20
2026-09-04 15:51:47,178 - INFO - 16/20
2026-09-04 15:51:47,188 - INFO - 17/20
2026-09-04 15:51:47,198 - INFO - 18/20
2026-09-04 15:51:47,208 - INFO - 19/20
2026-09-04 15:51:51,337 - INFO - Graph saved to data/ReadingPlots/Plot_QEPB0542_20260904_155147.png
2026-09-04 15:51:51,582 - INFO - Measurements saved to data/spectra/20260904_155147_QEPB0542_793_MachZehnInteMeasurement.csv
2026-09-04 15:51:56,549 - INFO - Integration time set up 10000 microseconds.
2026-09-04 15:51:56,549 - INFO - Acquiring 20 scans.
2026-09-04 15:51:56,571 - INFO - 0/20
2026-09-04 15:51:56,581 - INFO - 1/20
2026-09-04 15:51:56,591 - INFO - 2/20
2026-09-04 15:51:56,601 - INFO - 3/20
2026-09-04 15:51:56,611 - INFO - 4/20
2026-09-04 15:51:56,621 - INFO - 5/20
2026-09-04 15:51:56,631 - INFO - 6/20
2026-09-04 15:51:56,641 - INFO - 7/20
2026-09-04 15:51:56,651 - INFO - 8/20
2026-09-04 15:51:56,661 - INFO - 9/20
2026-09-04 15:51:56,671 - INFO - 10/20
2026-09-04 15:51:56,681 - INFO - 11/20
2026-09-04 15:51:56,691 - INFO - 12/20
2026-09-04 15:51:56,701 - INFO - 13/20
2026-09-04 15:51:56,711 - INFO - 14/20
2026-09-04 15:51:56,721 - INFO - 15/20
2026-09-04 15:51:56,731 - INFO - 16/20
2026-09-04 15:51:56,741 - INFO - 17/20
2026-09-04 15:51:56,751 - INFO - 18/20
2026-09-04 15:51:56,761 - INFO - 19/20
2026-09-04 15:52:06,101 - INFO - Graph saved to data/ReadingPlots/Plot_QEPB0542_20260904_155156.png
2026-09-04 15:52:06,354 - INFO - Measurements saved to data/spectra/20260904_155156_QEPB0542_794_MachZehnInteMeasurement.csv
2026-09-04 15:52:14,390 - INFO - Integration time set up 10000 microseconds.
2026-09-04 15:52:14,391 - INFO - Acquiring 20 scans.
2026-09-04 15:52:14,414 - INFO - 0/20
2026-09-04 15:52:14,423 - INFO - 1/20
2026-09-04 15:52:14,434 - INFO - 2/20
2026-09-04 15:52:14,443 - INFO - 3/20
2026-09-04 15:52:14,454 - INFO - 4/20
2026-09-04 15:52:14,464 - INFO - 5/20
2026-09-04 15:52:14,474 - INFO - 6/20
2026-09-04 15:52:14,483 - INFO - 7/20
2026-09-04 15:52:14,493 - INFO - 8/20
2026-09-04 15:52:14,503 - INFO - 9/20
2026-09-04 15:52:14,513 - INFO - 10/20
2026-09-04 15:52:14,523 - INFO - 11/20
2026-09-04 15:52:14,533 - INFO - 12/20
2026-09-04 15:52:14,543 - INFO - 13/20
2026-09-04 15:52:14,553 - INFO - 14/20
2026-09-04 15:52:14,563 - INFO - 15/20
2026-09-04 15:52:14,573 - INFO - 16/20
2026-09-04 15:52:14,583 - INFO - 17/20
2026-09-04 15:52:14,593 - INFO - 18/20
2026-09-04 15:52:14,603 - INFO - 19/20
2026-09-04 15:52:17,645 - INFO - Graph saved to data/ReadingPlots/Plot_QEPB0542_20260904_155214.png
2026-09-04 15:52:17,908 - INFO - Measurements saved to data/spectra/20260904_155214_QEPB0542_795_MachZehnInteMeasurement.csv
2026-09-04 15:52:19,940 - INFO - Integration time set up 10000 microseconds.
2026-09-04 15:52:19,940 - INFO - Acquiring 20 scans.
2026-09-04 15:52:19,962 - INFO - 0/20
2026-09-04 15:52:19,972 - INFO - 1/20
2026-09-04 15:52:19,982 - INFO - 2/20
2026-09-04 15:52:19,992 - INFO - 3/20
2026-09-04 15:52:20,002 - INFO - 4/20
2026-09-04 15:52:20,012 - INFO - 5/20
2026-09-04 15:52:20,022 - INFO - 6/20
2026-09-04 15:52:20,032 - INFO - 7/20
2026-09-04 15:52:20,042 - INFO - 8/20
2026-09-04 15:52:20,052 - INFO - 9/20
2026-09-04 15:52:20,062 - INFO - 10/20
2026-09-04 15:52:20,072 - INFO - 11/20
2026-09-04 15:52:20,082 - INFO - 12/20
2026-09-04 15:52:20,092 - INFO - 13/20
2026-09-04 15:52:20,102 - INFO - 14/20
2026-09-04 15:52:20,112 - INFO - 15/20
2026-09-04 15:52:20,122 - INFO - 16/20
2026-09-04 15:52:20,132 - INFO - 17/20
2026-09-04 15:52:20,142 - INFO - 18/20
2026-09-04 15:52:20,152 - INFO - 19/20
2026-09-04 15:52:23,060 - INFO - Graph saved to data/ReadingPlots/Plot_QEPB0542_20260904_155220.png
2026-09-04 15:52:23,320 - INFO - Measurements saved to data/spectra/20260904_155220_QEPB0542_796_MachZehnInteMeasurement.csv
2026-09-04 15:52:29,323 - INFO - Integration time set up 10000 microseconds.
2026-09-04 15:52:29,324 - INFO - Acquiring 20 scans.
2026-09-04 15:52:29,345 - INFO - 0/20
2026-09-04 15:52:29,356 - INFO - 1/20
2026-09-04 15:52:29,366 - INFO - 2/20
2026-09-04 15:52:29,375 - INFO - 3/20
2026-09-04 15:52:29,385 - INFO - 4/20
2026-09-04 15:52:29,395 - INFO - 5/20
2026-09-04 15:52:29,406 - INFO - 6/20
2026-09-04 15:52:29,416 - INFO - 7/20
2026-09-04 15:52:29,426 - INFO - 8/20
2026-09-04 15:52:29,436 - INFO - 9/20
2026-09-04 15:52:29,445 - INFO - 10/20
2026-09-04 15:52:29,456 - INFO - 11/20
2026-09-04 15:52:29,465 - INFO - 12/20
2026-09-04 15:52:29,475 - INFO - 13/20
2026-09-04 15:52:29,485 - INFO - 14/20
2026-09-04 15:52:29,495 - INFO - 15/20
2026-09-04 15:52:29,506 - INFO - 16/20
2026-09-04 15:52:29,515 - INFO - 17/20
2026-09-04 15:52:29,525 - INFO - 18/20
2026-09-04 15:52:29,535 - INFO - 19/20
2026-09-04 15:52:34,504 - INFO - Graph saved to data/ReadingPlots/Plot_QEPB0542_20260904_155229.png
2026-09-04 15:52:34,737 - INFO - Measurements saved to data/spectra/20260904_155229_QEPB0542_797_MachZehnInteMeasurement.csv
2026-09-04 15:52:37,807 - INFO - Integration time set up 10000 microseconds.
2026-09-04 15:52:37,807 - INFO - Acquiring 20 scans.
2026-09-04 15:52:37,829 - INFO - 0/20
2026-09-04 15:52:37,839 - INFO - 1/20
2026-09-04 15:52:37,849 - INFO - 2/20
2026-09-04 15:52:37,859 - INFO - 3/20
2026-09-04 15:52:37,869 - INFO - 4/20
2026-09-04 15:52:37,879 - INFO - 5/20
2026-09-04 15:52:37,889 - INFO - 6/20
2026-09-04 15:52:37,899 - INFO - 7/20
2026-09-04 15:52:37,909 - INFO - 8/20
2026-09-04 15:52:37,919 - INFO - 9/20
2026-09-04 15:52:37,929 - INFO - 10/20
2026-09-04 15:52:37,940 - INFO - 11/20
2026-09-04 15:52:37,949 - INFO - 12/20
2026-09-04 15:52:37,959 - INFO - 13/20
2026-09-04 15:52:37,969 - INFO - 14/20
2026-09-04 15:52:37,979 - INFO - 15/20
2026-09-04 15:52:37,997 - INFO - 16/20
2026-09-04 15:52:38,005 - INFO - 17/20
2026-09-04 15:52:38,022 - INFO - 18/20
2026-09-04 15:52:38,031 - INFO - 19/20
2026-09-04 15:52:40,952 - INFO - Graph saved to data/ReadingPlots/Plot_QEPB0542_20260904_155238.png
2026-09-04 15:52:41,164 - INFO - Measurements saved to data/spectra/20260904_155238_QEPB0542_798_MachZehnInteMeasurement.csv
2026-09-04 15:52:42,998 - INFO - Integration time set up 10000 microseconds.
2026-09-04 15:52:42,999 - INFO - Acquiring 20 scans.
2026-09-04 15:52:43,021 - INFO - 0/20
2026-09-04 15:52:43,031 - INFO - 1/20
2026-09-04 15:52:43,041 - INFO - 2/20
2026-09-04 15:52:43,051 - INFO - 3/20
2026-09-04 15:52:43,061 - INFO - 4/20
2026-09-04 15:52:43,070 - INFO - 5/20
2026-09-04 15:52:43,081 - INFO - 6/20
2026-09-04 15:52:43,091 - INFO - 7/20
2026-09-04 15:52:43,101 - INFO - 8/20
2026-09-04 15:52:43,111 - INFO - 9/20
2026-09-04 15:52:43,121 - INFO - 10/20
2026-09-04 15:52:43,131 - INFO - 11/20
2026-09-04 15:52:43,141 - INFO - 12/20
2026-09-04 15:52:43,151 - INFO - 13/20
2026-09-04 15:52:43,161 - INFO - 14/20
2026-09-04 15:52:43,171 - INFO - 15/20
2026-09-04 15:52:43,181 - INFO - 16/20
2026-09-04 15:52:43,191 - INFO - 17/20
2026-09-04 15:52:43,203 - INFO - 18/20
2026-09-04 15:52:43,211 - INFO - 19/20
2026-09-04 15:52:46,138 - INFO - Graph saved to data/ReadingPlots/Plot_QEPB0542_20260904_155243.png
2026-09-04 15:52:46,375 - INFO - Measurements saved to data/spectra/20260904_155243_QEPB0542_799_MachZehnInteMeasurement.csv
2026-09-04 15:52:47,784 - INFO - Integration time set up 10000 microseconds.
2026-09-04 15:52:47,784 - INFO - Acquiring 20 scans.
2026-09-04 15:52:47,806 - INFO - 0/20
2026-09-04 15:52:47,817 - INFO - 1/20
2026-09-04 15:52:47,827 - INFO - 2/20
2026-09-04 15:52:47,836 - INFO - 3/20
2026-09-04 15:52:47,847 - INFO - 4/20
2026-09-04 15:52:47,856 - INFO - 5/20
2026-09-04 15:52:47,866 - INFO - 6/20
2026-09-04 15:52:47,876 - INFO - 7/20
2026-09-04 15:52:47,887 - INFO - 8/20
2026-09-04 15:52:47,897 - INFO - 9/20
2026-09-04 15:52:47,906 - INFO - 10/20
2026-09-04 15:52:47,917 - INFO - 11/20
2026-09-04 15:52:47,927 - INFO - 12/20
2026-09-04 15:52:47,937 - INFO - 13/20
2026-09-04 15:52:47,947 - INFO - 14/20
2026-09-04 15:52:47,957 - INFO - 15/20
2026-09-04 15:52:47,967 - INFO - 16/20
2026-09-04 15:52:47,977 - INFO - 17/20
2026-09-04 15:52:47,987 - INFO - 18/20
2026-09-04 15:52:47,997 - INFO - 19/20
2026-09-04 15:52:50,028 - INFO - Graph saved to data/ReadingPlots/Plot_QEPB0542_20260904_155247.png
2026-09-04 15:52:50,276 - INFO - Measurements saved to data/spectra/20260904_155247_QEPB0542_800_MachZehnInteMeasurement.csv
2026-09-04 15:52:51,957 - INFO - Integration time set up 10000 microseconds.
2026-09-04 15:52:51,957 - INFO - Acquiring 20 scans.
2026-09-04 15:52:51,979 - INFO - 0/20
2026-09-04 15:52:51,989 - INFO - 1/20
2026-09-04 15:52:51,999 - INFO - 2/20
2026-09-04 15:52:52,009 - INFO - 3/20
2026-09-04 15:52:52,019 - INFO - 4/20
2026-09-04 15:52:52,029 - INFO - 5/20
2026-09-04 15:52:52,039 - INFO - 6/20
2026-09-04 15:52:52,049 - INFO - 7/20
2026-09-04 15:52:52,059 - INFO - 8/20
2026-09-04 15:52:52,069 - INFO - 9/20
2026-09-04 15:52:52,079 - INFO - 10/20
2026-09-04 15:52:52,089 - INFO - 11/20
2026-09-04 15:52:52,099 - INFO - 12/20
2026-09-04 15:52:52,109 - INFO - 13/20
2026-09-04 15:52:52,119 - INFO - 14/20
2026-09-04 15:52:52,129 - INFO - 15/20
2026-09-04 15:52:52,139 - INFO - 16/20
2026-09-04 15:52:52,149 - INFO - 17/20
2026-09-04 15:52:52,159 - INFO - 18/20
2026-09-04 15:52:52,169 - INFO - 19/20
2026-09-04 15:52:54,125 - INFO - Graph saved to data/ReadingPlots/Plot_QEPB0542_20260904_155252.png
2026-09-04 15:52:54,442 - INFO - Measurements saved to data/spectra/20260904_155252_QEPB0542_801_MachZehnInteMeasurement.csv
2026-09-04 15:52:55,507 - INFO - Integration time set up 10000 microseconds.
2026-09-04 15:52:55,507 - INFO - Acquiring 20 scans.
2026-09-04 15:52:55,529 - INFO - 0/20
2026-09-04 15:52:55,539 - INFO - 1/20
2026-09-04 15:52:55,549 - INFO - 2/20
2026-09-04 15:52:55,559 - INFO - 3/20
2026-09-04 15:52:55,569 - INFO - 4/20
2026-09-04 15:52:55,579 - INFO - 5/20
2026-09-04 15:52:55,589 - INFO - 6/20
2026-09-04 15:52:55,599 - INFO - 7/20
2026-09-04 15:52:55,609 - INFO - 8/20
2026-09-04 15:52:55,619 - INFO - 9/20
2026-09-04 15:52:55,629 - INFO - 10/20
2026-09-04 15:52:55,639 - INFO - 11/20
2026-09-04 15:52:55,649 - INFO - 12/20
2026-09-04 15:52:55,659 - INFO - 13/20
2026-09-04 15:52:55,669 - INFO - 14/20
2026-09-04 15:52:55,679 - INFO - 15/20
2026-09-04 15:52:55,689 - INFO - 16/20
2026-09-04 15:52:55,699 - INFO - 17/20
2026-09-04 15:52:55,709 - INFO - 18/20
2026-09-04 15:52:55,719 - INFO - 19/20
2026-09-04 15:52:58,610 - INFO - Graph saved to data/ReadingPlots/Plot_QEPB0542_20260904_155255.png
2026-09-04 15:52:58,835 - INFO - Measurements saved to data/spectra/20260904_155255_QEPB0542_802_MachZehnInteMeasurement.csv
2026-09-04 15:53:00,148 - INFO - Integration time set up 10000 microseconds.
2026-09-04 15:53:00,148 - INFO - Acquiring 20 scans.
2026-09-04 15:53:00,171 - INFO - 0/20
2026-09-04 15:53:00,181 - INFO - 1/20
2026-09-04 15:53:00,190 - INFO - 2/20
2026-09-04 15:53:00,201 - INFO - 3/20
2026-09-04 15:53:00,211 - INFO - 4/20
2026-09-04 15:53:00,220 - INFO - 5/20
2026-09-04 15:53:00,231 - INFO - 6/20
2026-09-04 15:53:00,240 - INFO - 7/20
2026-09-04 15:53:00,251 - INFO - 8/20
2026-09-04 15:53:00,261 - INFO - 9/20
2026-09-04 15:53:00,270 - INFO - 10/20
2026-09-04 15:53:00,281 - INFO - 11/20
2026-09-04 15:53:00,290 - INFO - 12/20
2026-09-04 15:53:00,300 - INFO - 13/20
2026-09-04 15:53:00,310 - INFO - 14/20
2026-09-04 15:53:00,320 - INFO - 15/20
2026-09-04 15:53:00,330 - INFO - 16/20
2026-09-04 15:53:00,340 - INFO - 17/20
2026-09-04 15:53:00,352 - INFO - 18/20
2026-09-04 15:53:00,361 - INFO - 19/20
2026-09-04 15:53:02,980 - INFO - Graph saved to data/ReadingPlots/Plot_QEPB0542_20260904_155300.png
2026-09-04 15:53:03,217 - INFO - Measurements saved to data/spectra/20260904_155300_QEPB0542_803_MachZehnInteMeasurement.csv
2026-09-04 15:53:05,286 - INFO - Integration time set up 10000 microseconds.
2026-09-04 15:53:05,287 - INFO - Acquiring 20 scans.
2026-09-04 15:53:05,308 - INFO - 0/20
2026-09-04 15:53:05,319 - INFO - 1/20
2026-09-04 15:53:05,329 - INFO - 2/20
2026-09-04 15:53:05,338 - INFO - 3/20
2026-09-04 15:53:05,349 - INFO - 4/20
2026-09-04 15:53:05,359 - INFO - 5/20
2026-09-04 15:53:05,368 - INFO - 6/20
2026-09-04 15:53:05,378 - INFO - 7/20
2026-09-04 15:53:05,388 - INFO - 8/20
2026-09-04 15:53:05,398 - INFO - 9/20
2026-09-04 15:53:05,408 - INFO - 10/20
2026-09-04 15:53:05,418 - INFO - 11/20
2026-09-04 15:53:05,429 - INFO - 12/20
2026-09-04 15:53:05,439 - INFO - 13/20
2026-09-04 15:53:05,449 - INFO - 14/20
2026-09-04 15:53:05,458 - INFO - 15/20
2026-09-04 15:53:05,469 - INFO - 16/20
2026-09-04 15:53:05,479 - INFO - 17/20
2026-09-04 15:53:05,489 - INFO - 18/20
2026-09-04 15:53:05,500 - INFO - 19/20
2026-09-04 15:53:08,248 - INFO - Graph saved to data/ReadingPlots/Plot_QEPB0542_20260904_155305.png
2026-09-04 15:53:08,483 - INFO - Measurements saved to data/spectra/20260904_155305_QEPB0542_804_MachZehnInteMeasurement.csv
2026-09-04 15:53:10,005 - INFO - Integration time set up 10000 microseconds.
2026-09-04 15:53:10,005 - INFO - Acquiring 20 scans.
2026-09-04 15:53:10,027 - INFO - 0/20
2026-09-04 15:53:10,037 - INFO - 1/20
2026-09-04 15:53:10,047 - INFO - 2/20
2026-09-04 15:53:10,057 - INFO - 3/20
2026-09-04 15:53:10,067 - INFO - 4/20
2026-09-04 15:53:10,077 - INFO - 5/20
2026-09-04 15:53:10,087 - INFO - 6/20
2026-09-04 15:53:10,097 - INFO - 7/20
2026-09-04 15:53:10,107 - INFO - 8/20
2026-09-04 15:53:10,117 - INFO - 9/20
2026-09-04 15:53:10,127 - INFO - 10/20
2026-09-04 15:53:10,137 - INFO - 11/20
2026-09-04 15:53:10,147 - INFO - 12/20
2026-09-04 15:53:10,157 - INFO - 13/20
2026-09-04 15:53:10,167 - INFO - 14/20
2026-09-04 15:53:10,177 - INFO - 15/20
2026-09-04 15:53:10,187 - INFO - 16/20
2026-09-04 15:53:10,198 - INFO - 17/20
2026-09-04 15:53:10,207 - INFO - 18/20
2026-09-04 15:53:10,217 - INFO - 19/20
2026-09-04 15:53:30,910 - INFO - Graph saved to data/ReadingPlots/Plot_QEPB0542_20260904_155310.png
2026-09-04 15:53:31,125 - INFO - Measurements saved to data/spectra/20260904_155310_QEPB0542_805_MachZehnInteMeasurement.csv
2026-09-04 15:53:37,823 - INFO - Integration time set up 10000 microseconds.
2026-09-04 15:53:37,823 - INFO - Acquiring 20 scans.
2026-09-04 15:53:37,845 - INFO - 0/20
2026-09-04 15:53:37,855 - INFO - 1/20
2026-09-04 15:53:37,865 - INFO - 2/20
2026-09-04 15:53:37,875 - INFO - 3/20
2026-09-04 15:53:37,885 - INFO - 4/20
2026-09-04 15:53:37,895 - INFO - 5/20
2026-09-04 15:53:37,905 - INFO - 6/20
2026-09-04 15:53:37,915 - INFO - 7/20
2026-09-04 15:53:37,925 - INFO - 8/20
2026-09-04 15:53:37,935 - INFO - 9/20
2026-09-04 15:53:37,945 - INFO - 10/20
2026-09-04 15:53:37,955 - INFO - 11/20
2026-09-04 15:53:37,965 - INFO - 12/20
2026-09-04 15:53:37,975 - INFO - 13/20
2026-09-04 15:53:37,985 - INFO - 14/20
2026-09-04 15:53:37,995 - INFO - 15/20
2026-09-04 15:53:38,005 - INFO - 16/20
2026-09-04 15:53:38,015 - INFO - 17/20
2026-09-04 15:53:38,025 - INFO - 18/20
2026-09-04 15:53:38,035 - INFO - 19/20
2026-09-04 15:53:41,187 - INFO - Graph saved to data/ReadingPlots/Plot_QEPB0542_20260904_155338.png
2026-09-04 15:53:41,490 - INFO - Measurements saved to data/spectra/20260904_155338_QEPB0542_806_MachZehnInteMeasurement.csv
2026-09-04 15:53:49,422 - INFO - Integration time set up 10000 microseconds.
2026-09-04 15:53:49,422 - INFO - Acquiring 20 scans.
2026-09-04 15:53:49,445 - INFO - 0/20
2026-09-04 15:53:49,455 - INFO - 1/20
2026-09-04 15:53:49,465 - INFO - 2/20
2026-09-04 15:53:49,475 - INFO - 3/20
2026-09-04 15:53:49,485 - INFO - 4/20
2026-09-04 15:53:49,495 - INFO - 5/20
2026-09-04 15:53:49,505 - INFO - 6/20
2026-09-04 15:53:49,515 - INFO - 7/20
2026-09-04 15:53:49,525 - INFO - 8/20
2026-09-04 15:53:49,535 - INFO - 9/20
2026-09-04 15:53:49,545 - INFO - 10/20
2026-09-04 15:53:49,555 - INFO - 11/20
2026-09-04 15:53:49,565 - INFO - 12/20
2026-09-04 15:53:49,575 - INFO - 13/20
2026-09-04 15:53:49,586 - INFO - 14/20
2026-09-04 15:53:49,595 - INFO - 15/20
2026-09-04 15:53:49,605 - INFO - 16/20
2026-09-04 15:53:49,615 - INFO - 17/20
2026-09-04 15:53:49,625 - INFO - 18/20
2026-09-04 15:53:49,635 - INFO - 19/20
2026-09-04 15:53:52,816 - INFO - Graph saved to data/ReadingPlots/Plot_QEPB0542_20260904_155349.png
2026-09-04 15:53:53,075 - INFO - Measurements saved to data/spectra/20260904_155349_QEPB0542_807_MachZehnInteMeasurement.csv
2026-09-04 15:53:54,990 - INFO - Integration time set up 10000 microseconds.
2026-09-04 15:53:54,991 - INFO - Acquiring 20 scans.
2026-09-04 15:53:55,013 - INFO - 0/20
2026-09-04 15:53:55,023 - INFO - 1/20
2026-09-04 15:53:55,032 - INFO - 2/20
2026-09-04 15:53:55,043 - INFO - 3/20
2026-09-04 15:53:55,053 - INFO - 4/20
2026-09-04 15:53:55,063 - INFO - 5/20
2026-09-04 15:53:55,073 - INFO - 6/20
2026-09-04 15:53:55,083 - INFO - 7/20
2026-09-04 15:53:55,093 - INFO - 8/20
2026-09-04 15:53:55,103 - INFO - 9/20
2026-09-04 15:53:55,113 - INFO - 10/20
2026-09-04 15:53:55,123 - INFO - 11/20
2026-09-04 15:53:55,133 - INFO - 12/20
2026-09-04 15:53:55,143 - INFO - 13/20
2026-09-04 15:53:55,153 - INFO - 14/20
2026-09-04 15:53:55,163 - INFO - 15/20
2026-09-04 15:53:55,173 - INFO - 16/20
2026-09-04 15:53:55,183 - INFO - 17/20
2026-09-04 15:53:55,193 - INFO - 18/20
2026-09-04 15:53:55,203 - INFO - 19/20
2026-09-04 15:53:56,962 - INFO - Graph saved to data/ReadingPlots/Plot_QEPB0542_20260904_155355.png
2026-09-04 15:53:57,162 - INFO - Measurements saved to data/spectra/20260904_155355_QEPB0542_808_MachZehnInteMeasurement.csv
2026-09-04 15:54:00,158 - INFO - Integration time set up 10000 microseconds.
2026-09-04 15:54:00,158 - INFO - Acquiring 20 scans.
2026-09-04 15:54:00,181 - INFO - 0/20
2026-09-04 15:54:00,191 - INFO - 1/20
2026-09-04 15:54:00,200 - INFO - 2/20
2026-09-04 15:54:00,211 - INFO - 3/20
2026-09-04 15:54:00,220 - INFO - 4/20
2026-09-04 15:54:00,231 - INFO - 5/20
2026-09-04 15:54:00,241 - INFO - 6/20
2026-09-04 15:54:00,250 - INFO - 7/20
2026-09-04 15:54:00,261 - INFO - 8/20
2026-09-04 15:54:00,271 - INFO - 9/20
2026-09-04 15:54:00,281 - INFO - 10/20
2026-09-04 15:54:00,290 - INFO - 11/20
2026-09-04 15:54:00,300 - INFO - 12/20
2026-09-04 15:54:00,310 - INFO - 13/20
2026-09-04 15:54:00,320 - INFO - 14/20
2026-09-04 15:54:00,330 - INFO - 15/20
2026-09-04 15:54:00,341 - INFO - 16/20
2026-09-04 15:54:00,350 - INFO - 17/20
2026-09-04 15:54:00,360 - INFO - 18/20
2026-09-04 15:54:00,370 - INFO - 19/20
2026-09-04 15:54:15,269 - INFO - Graph saved to data/ReadingPlots/Plot_QEPB0542_20260904_155400.png
2026-09-04 15:54:15,577 - INFO - Measurements saved to data/spectra/20260904_155400_QEPB0542_809_MachZehnInteMeasurement.csv
2026-09-04 15:54:17,795 - INFO - Integration time set up 10000 microseconds.
2026-09-04 15:54:17,795 - INFO - Acquiring 20 scans.
2026-09-04 15:54:17,817 - INFO - 0/20
2026-09-04 15:54:17,827 - INFO - 1/20
2026-09-04 15:54:17,837 - INFO - 2/20
2026-09-04 15:54:17,847 - INFO - 3/20
2026-09-04 15:54:17,857 - INFO - 4/20
2026-09-04 15:54:17,867 - INFO - 5/20
2026-09-04 15:54:17,877 - INFO - 6/20
2026-09-04 15:54:17,887 - INFO - 7/20
2026-09-04 15:54:17,897 - INFO - 8/20
2026-09-04 15:54:17,907 - INFO - 9/20
2026-09-04 15:54:17,917 - INFO - 10/20
2026-09-04 15:54:17,927 - INFO - 11/20
2026-09-04 15:54:17,937 - INFO - 12/20
2026-09-04 15:54:17,947 - INFO - 13/20
2026-09-04 15:54:17,957 - INFO - 14/20
2026-09-04 15:54:17,967 - INFO - 15/20
2026-09-04 15:54:17,977 - INFO - 16/20
2026-09-04 15:54:17,987 - INFO - 17/20
2026-09-04 15:54:17,997 - INFO - 18/20
2026-09-04 15:54:18,007 - INFO - 19/20
2026-09-04 15:54:24,408 - INFO - Graph saved to data/ReadingPlots/Plot_QEPB0542_20260904_155418.png
2026-09-04 15:54:24,620 - INFO - Measurements saved to data/spectra/20260904_155418_QEPB0542_810_MachZehnInteMeasurement.csv
2026-09-04 15:54:26,039 - INFO - Integration time set up 10000 microseconds.
2026-09-04 15:54:26,039 - INFO - Acquiring 20 scans.
2026-09-04 15:54:26,062 - INFO - 0/20
2026-09-04 15:54:26,071 - INFO - 1/20
2026-09-04 15:54:26,082 - INFO - 2/20
2026-09-04 15:54:26,092 - INFO - 3/20
2026-09-04 15:54:26,101 - INFO - 4/20
2026-09-04 15:54:26,112 - INFO - 5/20
2026-09-04 15:54:26,122 - INFO - 6/20
2026-09-04 15:54:26,131 - INFO - 7/20
2026-09-04 15:54:26,142 - INFO - 8/20
2026-09-04 15:54:26,151 - INFO - 9/20
2026-09-04 15:54:26,162 - INFO - 10/20
2026-09-04 15:54:26,171 - INFO - 11/20
2026-09-04 15:54:26,181 - INFO - 12/20
2026-09-04 15:54:26,192 - INFO - 13/20
2026-09-04 15:54:26,201 - INFO - 14/20
2026-09-04 15:54:26,211 - INFO - 15/20
2026-09-04 15:54:26,221 - INFO - 16/20
2026-09-04 15:54:26,231 - INFO - 17/20
2026-09-04 15:54:26,241 - INFO - 18/20
2026-09-04 15:54:26,251 - INFO - 19/20
2026-09-04 15:54:28,897 - INFO - Graph saved to data/ReadingPlots/Plot_QEPB0542_20260904_155426.png
2026-09-04 15:54:29,143 - INFO - Measurements saved to data/spectra/20260904_155426_QEPB0542_811_MachZehnInteMeasurement.csv
2026-09-04 15:54:30,320 - INFO - Integration time set up 10000 microseconds.
2026-09-04 15:54:30,320 - INFO - Acquiring 20 scans.
2026-09-04 15:54:30,343 - INFO - 0/20
2026-09-04 15:54:30,353 - INFO - 1/20
2026-09-04 15:54:30,363 - INFO - 2/20
2026-09-04 15:54:30,373 - INFO - 3/20
2026-09-04 15:54:30,383 - INFO - 4/20
2026-09-04 15:54:30,393 - INFO - 5/20
2026-09-04 15:54:30,402 - INFO - 6/20
2026-09-04 15:54:30,413 - INFO - 7/20
2026-09-04 15:54:30,423 - INFO - 8/20
2026-09-04 15:54:30,433 - INFO - 9/20
2026-09-04 15:54:30,442 - INFO - 10/20
2026-09-04 15:54:30,452 - INFO - 11/20
2026-09-04 15:54:30,462 - INFO - 12/20
2026-09-04 15:54:30,475 - INFO - 13/20
2026-09-04 15:54:30,484 - INFO - 14/20
2026-09-04 15:54:30,494 - INFO - 15/20
2026-09-04 15:54:30,502 - INFO - 16/20
2026-09-04 15:54:30,512 - INFO - 17/20
2026-09-04 15:54:30,523 - INFO - 18/20
2026-09-04 15:54:30,533 - INFO - 19/20
2026-09-04 15:54:33,684 - INFO - Graph saved to data/ReadingPlots/Plot_QEPB0542_20260904_155430.png
2026-09-04 15:54:34,040 - INFO - Measurements saved to data/spectra/20260904_155430_QEPB0542_812_MachZehnInteMeasurement.csv
2026-09-04 15:54:35,023 - INFO - Integration time set up 10000 microseconds.
2026-09-04 15:54:35,023 - INFO - Acquiring 20 scans.
2026-09-04 15:54:35,045 - INFO - 0/20
2026-09-04 15:54:35,055 - INFO - 1/20
2026-09-04 15:54:35,065 - INFO - 2/20
2026-09-04 15:54:35,076 - INFO - 3/20
2026-09-04 15:54:35,085 - INFO - 4/20
2026-09-04 15:54:35,095 - INFO - 5/20
2026-09-04 15:54:35,105 - INFO - 6/20
2026-09-04 15:54:35,116 - INFO - 7/20
2026-09-04 15:54:35,126 - INFO - 8/20
2026-09-04 15:54:35,135 - INFO - 9/20
2026-09-04 15:54:35,146 - INFO - 10/20
2026-09-04 15:54:35,155 - INFO - 11/20
2026-09-04 15:54:35,165 - INFO - 12/20
2026-09-04 15:54:35,175 - INFO - 13/20
2026-09-04 15:54:35,185 - INFO - 14/20
2026-09-04 15:54:35,195 - INFO - 15/20
2026-09-04 15:54:35,206 - INFO - 16/20
2026-09-04 15:54:35,215 - INFO - 17/20
2026-09-04 15:54:35,225 - INFO - 18/20
2026-09-04 15:54:35,235 - INFO - 19/20
2026-09-04 15:54:37,949 - INFO - Graph saved to data/ReadingPlots/Plot_QEPB0542_20260904_155435.png
2026-09-04 15:54:38,203 - INFO - Measurements saved to data/spectra/20260904_155435_QEPB0542_813_MachZehnInteMeasurement.csv
2026-09-04 15:54:41,309 - INFO - Integration time set up 10000 microseconds.
2026-09-04 15:54:41,309 - INFO - Acquiring 20 scans.
2026-09-04 15:54:41,332 - INFO - 0/20
2026-09-04 15:54:41,341 - INFO - 1/20
2026-09-04 15:54:41,351 - INFO - 2/20
2026-09-04 15:54:41,361 - INFO - 3/20
2026-09-04 15:54:41,371 - INFO - 4/20
2026-09-04 15:54:41,381 - INFO - 5/20
2026-09-04 15:54:41,391 - INFO - 6/20
2026-09-04 15:54:41,401 - INFO - 7/20
2026-09-04 15:54:41,411 - INFO - 8/20
2026-09-04 15:54:41,421 - INFO - 9/20
2026-09-04 15:54:41,431 - INFO - 10/20
2026-09-04 15:54:41,441 - INFO - 11/20
2026-09-04 15:54:41,451 - INFO - 12/20
2026-09-04 15:54:41,461 - INFO - 13/20
2026-09-04 15:54:41,471 - INFO - 14/20
2026-09-04 15:54:41,481 - INFO - 15/20
2026-09-04 15:54:41,491 - INFO - 16/20
2026-09-04 15:54:41,501 - INFO - 17/20
2026-09-04 15:54:41,511 - INFO - 18/20
2026-09-04 15:54:41,521 - INFO - 19/20
2026-09-04 15:54:44,041 - INFO - Graph saved to data/ReadingPlots/Plot_QEPB0542_20260904_155441.png
2026-09-04 15:54:44,314 - INFO - Measurements saved to data/spectra/20260904_155441_QEPB0542_814_MachZehnInteMeasurement.csv
2026-09-04 15:54:45,898 - INFO - Integration time set up 10000 microseconds.
2026-09-04 15:54:45,898 - INFO - Acquiring 20 scans.
2026-09-04 15:54:45,920 - INFO - 0/20
2026-09-04 15:54:45,930 - INFO - 1/20
2026-09-04 15:54:45,940 - INFO - 2/20
2026-09-04 15:54:45,950 - INFO - 3/20
2026-09-04 15:54:45,960 - INFO - 4/20
2026-09-04 15:54:45,970 - INFO - 5/20
2026-09-04 15:54:45,980 - INFO - 6/20
2026-09-04 15:54:45,990 - INFO - 7/20
2026-09-04 15:54:46,000 - INFO - 8/20
2026-09-04 15:54:46,010 - INFO - 9/20
2026-09-04 15:54:46,020 - INFO - 10/20
2026-09-04 15:54:46,030 - INFO - 11/20
2026-09-04 15:54:46,040 - INFO - 12/20
2026-09-04 15:54:46,050 - INFO - 13/20
2026-09-04 15:54:46,060 - INFO - 14/20
2026-09-04 15:54:46,070 - INFO - 15/20
2026-09-04 15:54:46,080 - INFO - 16/20
2026-09-04 15:54:46,090 - INFO - 17/20
2026-09-04 15:54:46,100 - INFO - 18/20
2026-09-04 15:54:46,110 - INFO - 19/20
2026-09-04 15:54:56,822 - INFO - Graph saved to data/ReadingPlots/Plot_QEPB0542_20260904_155446.png
2026-09-04 15:54:57,046 - INFO - Measurements saved to data/spectra/20260904_155446_QEPB0542_815_MachZehnInteMeasurement.csv
2026-09-04 15:55:04,409 - INFO - Integration time set up 10000 microseconds.
2026-09-04 15:55:04,409 - INFO - Acquiring 20 scans.
2026-09-04 15:55:04,431 - INFO - 0/20
2026-09-04 15:55:04,441 - INFO - 1/20
2026-09-04 15:55:04,451 - INFO - 2/20
2026-09-04 15:55:04,461 - INFO - 3/20
2026-09-04 15:55:04,471 - INFO - 4/20
2026-09-04 15:55:04,482 - INFO - 5/20
2026-09-04 15:55:04,491 - INFO - 6/20
2026-09-04 15:55:04,501 - INFO - 7/20
2026-09-04 15:55:04,512 - INFO - 8/20
2026-09-04 15:55:04,521 - INFO - 9/20
2026-09-04 15:55:04,531 - INFO - 10/20
2026-09-04 15:55:04,541 - INFO - 11/20
2026-09-04 15:55:04,551 - INFO - 12/20
2026-09-04 15:55:04,561 - INFO - 13/20
2026-09-04 15:55:04,571 - INFO - 14/20
2026-09-04 15:55:04,581 - INFO - 15/20
2026-09-04 15:55:04,591 - INFO - 16/20
2026-09-04 15:55:04,601 - INFO - 17/20
2026-09-04 15:55:04,611 - INFO - 18/20
2026-09-04 15:55:04,621 - INFO - 19/20
2026-09-04 15:55:07,654 - INFO - Graph saved to data/ReadingPlots/Plot_QEPB0542_20260904_155504.png
2026-09-04 15:55:07,929 - INFO - Measurements saved to data/spectra/20260904_155504_QEPB0542_816_MachZehnInteMeasurement.csv
2026-09-04 15:55:10,200 - INFO - Integration time set up 10000 microseconds.
2026-09-04 15:55:10,200 - INFO - Acquiring 20 scans.
2026-09-04 15:55:10,222 - INFO - 0/20
2026-09-04 15:55:10,232 - INFO - 1/20
2026-09-04 15:55:10,242 - INFO - 2/20
2026-09-04 15:55:10,252 - INFO - 3/20
2026-09-04 15:55:10,262 - INFO - 4/20
2026-09-04 15:55:10,272 - INFO - 5/20
2026-09-04 15:55:10,282 - INFO - 6/20
2026-09-04 15:55:10,292 - INFO - 7/20
2026-09-04 15:55:10,302 - INFO - 8/20
2026-09-04 15:55:10,312 - INFO - 9/20
2026-09-04 15:55:10,322 - INFO - 10/20
2026-09-04 15:55:10,332 - INFO - 11/20
2026-09-04 15:55:10,342 - INFO - 12/20
2026-09-04 15:55:10,352 - INFO - 13/20
2026-09-04 15:55:10,362 - INFO - 14/20
2026-09-04 15:55:10,372 - INFO - 15/20
2026-09-04 15:55:10,382 - INFO - 16/20
2026-09-04 15:55:10,392 - INFO - 17/20
2026-09-04 15:55:10,402 - INFO - 18/20
2026-09-04 15:55:10,412 - INFO - 19/20
2026-09-04 15:55:21,113 - INFO - Graph saved to data/ReadingPlots/Plot_QEPB0542_20260904_155510.png
2026-09-04 15:55:21,577 - INFO - Measurements saved to data/spectra/20260904_155510_QEPB0542_817_MachZehnInteMeasurement.csv
2026-09-04 15:55:23,120 - INFO - Integration time set up 10000 microseconds.
2026-09-04 15:55:23,120 - INFO - Acquiring 20 scans.
2026-09-04 15:55:23,142 - INFO - 0/20
2026-09-04 15:55:23,152 - INFO - 1/20
2026-09-04 15:55:23,162 - INFO - 2/20
2026-09-04 15:55:23,172 - INFO - 3/20
2026-09-04 15:55:23,182 - INFO - 4/20
2026-09-04 15:55:23,192 - INFO - 5/20
2026-09-04 15:55:23,202 - INFO - 6/20
2026-09-04 15:55:23,212 - INFO - 7/20
2026-09-04 15:55:23,222 - INFO - 8/20
2026-09-04 15:55:23,232 - INFO - 9/20
2026-09-04 15:55:23,242 - INFO - 10/20
2026-09-04 15:55:23,252 - INFO - 11/20
2026-09-04 15:55:23,262 - INFO - 12/20
2026-09-04 15:55:23,272 - INFO - 13/20
2026-09-04 15:55:23,282 - INFO - 14/20
2026-09-04 15:55:23,292 - INFO - 15/20
2026-09-04 15:55:23,302 - INFO - 16/20
2026-09-04 15:55:23,312 - INFO - 17/20
2026-09-04 15:55:23,322 - INFO - 18/20
2026-09-04 15:55:23,332 - INFO - 19/20
2026-09-04 15:55:36,519 - INFO - Graph saved to data/ReadingPlots/Plot_QEPB0542_20260904_155523.png
2026-09-04 15:55:36,796 - INFO - Measurements saved to data/spectra/20260904_155523_QEPB0542_818_MachZehnInteMeasurement.csv
2026-09-04 16:51:47,782 - INFO - Error with measuring. - invalid literal for int() with base 10: '"c:\\Users\\lamann01\\OneDrive - imec\\Desktop\\SeaBreezeTesting\\.venv\\Scripts\\python.exe" "c:/Users/lamann01/OneDrive - imec/Desktop/SeaBreezeTesting/addition.py"'
